2025-11-12 17:18:14,401 - root         - INFO     - Starting 100 simulations...
2025-11-12 17:18:14,402 - root         - INFO     - Full log output will be saved to simulation.log
2025-11-12 17:18:14,402 - root         - INFO     - 
========== SIMULATION 1/100 ==========
2025-11-12 17:18:14,403 - spore.simulation - INFO     - --- EVOLUTION PHASE ---
2025-11-12 17:18:14,403 - spore.simulation - INFO     - Evolved Predator:
2025-11-12 17:18:14,403 - spore.creature - INFO     -   Health: 91, Stamina: 113
2025-11-12 17:18:14,404 - spore.creature - INFO     -   Power: 15, Parts: [Legs(count=4), Claws(size=BIG)]
2025-11-12 17:18:14,404 - spore.simulation - INFO     - Evolved Prey at 225:
2025-11-12 17:18:14,405 - spore.creature - INFO     -   Health: 115, Stamina: 55
2025-11-12 17:18:14,405 - spore.creature - INFO     -   Power: 5, Parts: [Legs(count=4), Wings(count=4), Claws(size=SMALL)]
2025-11-12 17:18:14,405 - spore.simulation - INFO     - --- CHASE PHASE ---
2025-11-12 17:18:14,406 - spore.simulation - WARNING  - Pray ran into infinity
2025-11-12 17:18:14,406 - root         - INFO     - =================================================

2025-11-12 17:18:14,407 - root         - INFO     - 
========== SIMULATION 2/100 ==========
2025-11-12 17:18:14,407 - spore.simulation - INFO     - --- EVOLUTION PHASE ---
2025-11-12 17:18:14,407 - spore.simulation - INFO     - Evolved Predator:
2025-11-12 17:18:14,408 - spore.creature - INFO     -   Health: 103, Stamina: 132
2025-11-12 17:18:14,408 - spore.creature - INFO     -   Power: 8, Parts: [Legs(count=1), Wings(count=4), Claws(size=SMALL)]
2025-11-12 17:18:14,409 - spore.simulation - INFO     - Evolved Prey at 313:
2025-11-12 17:18:14,409 - spore.creature - INFO     -   Health: 84, Stamina: 65
2025-11-12 17:18:14,409 - spore.creature - INFO     -   Power: 10, Parts: [Legs(count=2), Claws(size=SMALL)]
2025-11-12 17:18:14,410 - spore.simulation - INFO     - --- CHASE PHASE ---
2025-11-12 17:18:14,410 - spore.simulation - WARNING  - Pray ran into infinity
2025-11-12 17:18:14,411 - root         - INFO     - =================================================

2025-11-12 17:18:14,411 - root         - INFO     - 
========== SIMULATION 3/100 ==========
2025-11-12 17:18:14,411 - spore.simulation - INFO     - --- EVOLUTION PHASE ---
2025-11-12 17:18:14,412 - spore.simulation - INFO     - Evolved Predator:
2025-11-12 17:18:14,412 - spore.creature - INFO     -   Health: 101, Stamina: 77
2025-11-12 17:18:14,413 - spore.creature - INFO     -   Power: 13, Parts: [Legs(count=3), Wings(count=4), Claws(size=BIG), Teeth(sharpness=LOW)]
2025-11-12 17:18:14,413 - spore.simulation - INFO     - Evolved Prey at 277:
2025-11-12 17:18:14,413 - spore.creature - INFO     -   Health: 118, Stamina: 86
2025-11-12 17:18:14,414 - spore.creature - INFO     -   Power: 13, Parts: [Legs(count=3), Wings(count=2), Claws(size=MEDIUM), Teeth(sharpness=MEDIUM)]
2025-11-12 17:18:14,414 - spore.simulation - INFO     - --- CHASE PHASE ---
2025-11-12 17:18:14,415 - spore.simulation - WARNING  - Pray ran into infinity
2025-11-12 17:18:14,415 - root         - INFO     - =================================================

2025-11-12 17:18:14,415 - root         - INFO     - 
========== SIMULATION 4/100 ==========
2025-11-12 17:18:14,416 - spore.simulation - INFO     - --- EVOLUTION PHASE ---
2025-11-12 17:18:14,416 - spore.simulation - INFO     - Evolved Predator:
2025-11-12 17:18:14,417 - spore.creature - INFO     -   Health: 117, Stamina: 97
2025-11-12 17:18:14,417 - spore.creature - INFO     -   Power: 15, Parts: [Legs(count=2), Claws(size=SMALL), Teeth(sharpness=LOW)]
2025-11-12 17:18:14,417 - spore.simulation - INFO     - Evolved Prey at 485:
2025-11-12 17:18:14,418 - spore.creature - INFO     -   Health: 115, Stamina: 86
2025-11-12 17:18:14,418 - spore.creature - INFO     -   Power: 6, Parts: [Legs(count=1), Wings(count=4), Claws(size=SMALL), Teeth(sharpness=LOW)]
2025-11-12 17:18:14,419 - spore.simulation - INFO     - --- CHASE PHASE ---
2025-11-12 17:18:14,419 - spore.simulation - WARNING  - Pray ran into infinity
2025-11-12 17:18:14,420 - root         - INFO     - =================================================

2025-11-12 17:18:14,420 - root         - INFO     - 
========== SIMULATION 5/100 ==========
2025-11-12 17:18:14,421 - spore.simulation - INFO     - --- EVOLUTION PHASE ---
2025-11-12 17:18:14,421 - spore.simulation - INFO     - Evolved Predator:
2025-11-12 17:18:14,421 - spore.creature - INFO     -   Health: 107, Stamina: 86
2025-11-12 17:18:14,422 - spore.creature - INFO     -   Power: 9, Parts: [Legs(count=3), Claws(size=BIG), Teeth(sharpness=HIGH)]
2025-11-12 17:18:14,422 - spore.simulation - INFO     - Evolved Prey at 287:
2025-11-12 17:18:14,422 - spore.creature - INFO     -   Health: 113, Stamina: 50
2025-11-12 17:18:14,423 - spore.creature - INFO     -   Power: 14, Parts: [Legs(count=2), Wings(count=4), Teeth(sharpness=HIGH)]
2025-11-12 17:18:14,423 - spore.simulation - INFO     - --- CHASE PHASE ---
2025-11-12 17:18:14,423 - spore.simulation - WARNING  - Pray ran into infinity
2025-11-12 17:18:14,424 - root         - INFO     - =================================================

2025-11-12 17:18:14,424 - root         - INFO     - 
========== SIMULATION 6/100 ==========
2025-11-12 17:18:14,424 - spore.simulation - INFO     - --- EVOLUTION PHASE ---
2025-11-12 17:18:14,425 - spore.simulation - INFO     - Evolved Predator:
2025-11-12 17:18:14,425 - spore.creature - INFO     -   Health: 87, Stamina: 93
2025-11-12 17:18:14,425 - spore.creature - INFO     -   Power: 9, Parts: [Claws(size=SMALL)]
2025-11-12 17:18:14,425 - spore.simulation - INFO     - Evolved Prey at 351:
2025-11-12 17:18:14,426 - spore.creature - INFO     -   Health: 115, Stamina: 82
2025-11-12 17:18:14,426 - spore.creature - INFO     -   Power: 15, Parts: [Legs(count=2)]
2025-11-12 17:18:14,426 - spore.simulation - INFO     - --- CHASE PHASE ---
2025-11-12 17:18:14,427 - spore.simulation - WARNING  - Pray ran into infinity
2025-11-12 17:18:14,427 - root         - INFO     - =================================================

2025-11-12 17:18:14,428 - root         - INFO     - 
========== SIMULATION 7/100 ==========
2025-11-12 17:18:14,428 - spore.simulation - INFO     - --- EVOLUTION PHASE ---
2025-11-12 17:18:14,428 - spore.simulation - INFO     - Evolved Predator:
2025-11-12 17:18:14,429 - spore.creature - INFO     -   Health: 91, Stamina: 95
2025-11-12 17:18:14,429 - spore.creature - INFO     -   Power: 15, Parts: [Legs(count=2), Wings(count=4), Claws(size=SMALL)]
2025-11-12 17:18:14,429 - spore.simulation - INFO     - Evolved Prey at 208:
2025-11-12 17:18:14,430 - spore.creature - INFO     -   Health: 106, Stamina: 80
2025-11-12 17:18:14,430 - spore.creature - INFO     -   Power: 9, Parts: [Teeth(sharpness=MEDIUM)]
2025-11-12 17:18:14,431 - spore.simulation - INFO     - --- CHASE PHASE ---
2025-11-12 17:18:14,431 - spore.simulation - WARNING  - Pray ran into infinity
2025-11-12 17:18:14,431 - root         - INFO     - =================================================

2025-11-12 17:18:14,432 - root         - INFO     - 
========== SIMULATION 8/100 ==========
2025-11-12 17:18:14,432 - spore.simulation - INFO     - --- EVOLUTION PHASE ---
2025-11-12 17:18:14,432 - spore.simulation - INFO     - Evolved Predator:
2025-11-12 17:18:14,433 - spore.creature - INFO     -   Health: 105, Stamina: 84
2025-11-12 17:18:14,433 - spore.creature - INFO     -   Power: 9, Parts: [Legs(count=4), Teeth(sharpness=MEDIUM)]
2025-11-12 17:18:14,433 - spore.simulation - INFO     - Evolved Prey at 518:
2025-11-12 17:18:14,434 - spore.creature - INFO     -   Health: 117, Stamina: 39
2025-11-12 17:18:14,434 - spore.creature - INFO     -   Power: 9, Parts: [Claws(size=SMALL)]
2025-11-12 17:18:14,434 - spore.simulation - INFO     - --- CHASE PHASE ---
2025-11-12 17:18:14,435 - spore.simulation - WARNING  - Pray ran into infinity
2025-11-12 17:18:14,435 - root         - INFO     - =================================================

2025-11-12 17:18:14,435 - root         - INFO     - 
========== SIMULATION 9/100 ==========
2025-11-12 17:18:14,436 - spore.simulation - INFO     - --- EVOLUTION PHASE ---
2025-11-12 17:18:14,436 - spore.simulation - INFO     - Evolved Predator:
2025-11-12 17:18:14,436 - spore.creature - INFO     -   Health: 118, Stamina: 150
2025-11-12 17:18:14,437 - spore.creature - INFO     -   Power: 10, Parts: [Legs(count=4), Wings(count=4), Claws(size=MEDIUM), Teeth(sharpness=LOW)]
2025-11-12 17:18:14,437 - spore.simulation - INFO     - Evolved Prey at 351:
2025-11-12 17:18:14,437 - spore.creature - INFO     -   Health: 84, Stamina: 84
2025-11-12 17:18:14,438 - spore.creature - INFO     -   Power: 13, Parts: [Wings(count=4), Teeth(sharpness=HIGH)]
2025-11-12 17:18:14,438 - spore.simulation - INFO     - --- CHASE PHASE ---
2025-11-12 17:18:14,438 - spore.simulation - WARNING  - Pray ran into infinity
2025-11-12 17:18:14,439 - root         - INFO     - =================================================

2025-11-12 17:18:14,439 - root         - INFO     - 
========== SIMULATION 10/100 ==========
2025-11-12 17:18:14,439 - spore.simulation - INFO     - --- EVOLUTION PHASE ---
2025-11-12 17:18:14,440 - spore.simulation - INFO     - Evolved Predator:
2025-11-12 17:18:14,440 - spore.creature - INFO     -   Health: 90, Stamina: 111
2025-11-12 17:18:14,440 - spore.creature - INFO     -   Power: 10, Parts: [Legs(count=2), Wings(count=2), Teeth(sharpness=LOW)]
2025-11-12 17:18:14,441 - spore.simulation - INFO     - Evolved Prey at 152:
2025-11-12 17:18:14,441 - spore.creature - INFO     -   Health: 109, Stamina: 60
2025-11-12 17:18:14,441 - spore.creature - INFO     -   Power: 15, Parts: [Legs(count=4), Teeth(sharpness=HIGH)]
2025-11-12 17:18:14,442 - spore.simulation - INFO     - --- CHASE PHASE ---
2025-11-12 17:18:14,442 - spore.simulation - WARNING  - Pray ran into infinity
2025-11-12 17:18:14,442 - root         - INFO     - =================================================

2025-11-12 17:18:14,443 - root         - INFO     - 
========== SIMULATION 11/100 ==========
2025-11-12 17:18:14,443 - spore.simulation - INFO     - --- EVOLUTION PHASE ---
2025-11-12 17:18:14,443 - spore.simulation - INFO     - Evolved Predator:
2025-11-12 17:18:14,444 - spore.creature - INFO     -   Health: 94, Stamina: 104
2025-11-12 17:18:14,444 - spore.creature - INFO     -   Power: 5, Parts: [Legs(count=4), Wings(count=4), Teeth(sharpness=HIGH)]
2025-11-12 17:18:14,444 - spore.simulation - INFO     - Evolved Prey at 565:
2025-11-12 17:18:14,445 - spore.creature - INFO     -   Health: 102, Stamina: 61
2025-11-12 17:18:14,445 - spore.creature - INFO     -   Power: 7, Parts: [Claws(size=BIG)]
2025-11-12 17:18:14,445 - spore.simulation - INFO     - --- CHASE PHASE ---
2025-11-12 17:18:14,446 - spore.simulation - WARNING  - Pray ran into infinity
2025-11-12 17:18:14,446 - root         - INFO     - =================================================

2025-11-12 17:18:14,447 - root         - INFO     - 
========== SIMULATION 12/100 ==========
2025-11-12 17:18:14,447 - spore.simulation - INFO     - --- EVOLUTION PHASE ---
2025-11-12 17:18:14,447 - spore.simulation - INFO     - Evolved Predator:
2025-11-12 17:18:14,448 - spore.creature - INFO     -   Health: 82, Stamina: 93
2025-11-12 17:18:14,448 - spore.creature - INFO     -   Power: 7, Parts: [Wings(count=4)]
2025-11-12 17:18:14,449 - spore.simulation - INFO     - Evolved Prey at 258:
2025-11-12 17:18:14,449 - spore.creature - INFO     -   Health: 105, Stamina: 78
2025-11-12 17:18:14,449 - spore.creature - INFO     -   Power: 11, Parts: [Legs(count=3), Teeth(sharpness=HIGH)]
2025-11-12 17:18:14,449 - spore.simulation - INFO     - --- CHASE PHASE ---
2025-11-12 17:18:14,450 - spore.simulation - WARNING  - Pray ran into infinity
2025-11-12 17:18:14,450 - root         - INFO     - =================================================

2025-11-12 17:18:14,450 - root         - INFO     - 
========== SIMULATION 13/100 ==========
2025-11-12 17:18:14,451 - spore.simulation - INFO     - --- EVOLUTION PHASE ---
2025-11-12 17:18:14,451 - spore.simulation - INFO     - Evolved Predator:
2025-11-12 17:18:14,451 - spore.creature - INFO     -   Health: 106, Stamina: 124
2025-11-12 17:18:14,452 - spore.creature - INFO     -   Power: 11, Parts: [Wings(count=4), Claws(size=MEDIUM), Teeth(sharpness=LOW)]
2025-11-12 17:18:14,452 - spore.simulation - INFO     - Evolved Prey at 499:
2025-11-12 17:18:14,452 - spore.creature - INFO     -   Health: 109, Stamina: 68
2025-11-12 17:18:14,453 - spore.creature - INFO     -   Power: 12, Parts: [Legs(count=3), Wings(count=4), Teeth(sharpness=LOW)]
2025-11-12 17:18:14,453 - spore.simulation - INFO     - --- CHASE PHASE ---
2025-11-12 17:18:14,453 - spore.simulation - WARNING  - Pray ran into infinity
2025-11-12 17:18:14,454 - root         - INFO     - =================================================

2025-11-12 17:18:14,454 - root         - INFO     - 
========== SIMULATION 14/100 ==========
2025-11-12 17:18:14,454 - spore.simulation - INFO     - --- EVOLUTION PHASE ---
2025-11-12 17:18:14,455 - spore.simulation - INFO     - Evolved Predator:
2025-11-12 17:18:14,455 - spore.creature - INFO     -   Health: 87, Stamina: 77
2025-11-12 17:18:14,455 - spore.creature - INFO     -   Power: 14, Parts: [Legs(count=2), Wings(count=2), Teeth(sharpness=LOW)]
2025-11-12 17:18:14,456 - spore.simulation - INFO     - Evolved Prey at 597:
2025-11-12 17:18:14,456 - spore.creature - INFO     -   Health: 83, Stamina: 82
2025-11-12 17:18:14,456 - spore.creature - INFO     -   Power: 10, Parts: [Teeth(sharpness=LOW)]
2025-11-12 17:18:14,456 - spore.simulation - INFO     - --- CHASE PHASE ---
2025-11-12 17:18:14,457 - spore.simulation - WARNING  - Pray ran into infinity
2025-11-12 17:18:14,457 - root         - INFO     - =================================================

2025-11-12 17:18:14,458 - root         - INFO     - 
========== SIMULATION 15/100 ==========
2025-11-12 17:18:14,458 - spore.simulation - INFO     - --- EVOLUTION PHASE ---
2025-11-12 17:18:14,458 - spore.simulation - INFO     - Evolved Predator:
2025-11-12 17:18:14,459 - spore.creature - INFO     -   Health: 96, Stamina: 130
2025-11-12 17:18:14,459 - spore.creature - INFO     -   Power: 12, Parts: [Legs(count=4), Teeth(sharpness=HIGH)]
2025-11-12 17:18:14,459 - spore.simulation - INFO     - Evolved Prey at 191:
2025-11-12 17:18:14,459 - spore.creature - INFO     -   Health: 113, Stamina: 63
2025-11-12 17:18:14,459 - spore.creature - INFO     -   Power: 5, Parts: [Legs(count=2)]
2025-11-12 17:18:14,460 - spore.simulation - INFO     - --- CHASE PHASE ---
2025-11-12 17:18:14,460 - spore.simulation - WARNING  - Pray ran into infinity
2025-11-12 17:18:14,460 - root         - INFO     - =================================================

2025-11-12 17:18:14,460 - root         - INFO     - 
========== SIMULATION 16/100 ==========
2025-11-12 17:18:14,461 - spore.simulation - INFO     - --- EVOLUTION PHASE ---
2025-11-12 17:18:14,461 - spore.simulation - INFO     - Evolved Predator:
2025-11-12 17:18:14,461 - spore.creature - INFO     -   Health: 116, Stamina: 139
2025-11-12 17:18:14,462 - spore.creature - INFO     -   Power: 12, Parts: [Legs(count=1), Wings(count=2), Claws(size=MEDIUM), Teeth(sharpness=LOW)]
2025-11-12 17:18:14,462 - spore.simulation - INFO     - Evolved Prey at 288:
2025-11-12 17:18:14,462 - spore.creature - INFO     -   Health: 98, Stamina: 38
2025-11-12 17:18:14,463 - spore.creature - INFO     -   Power: 9, Parts: [Legs(count=4)]
2025-11-12 17:18:14,463 - spore.simulation - INFO     - --- CHASE PHASE ---
2025-11-12 17:18:14,464 - spore.simulation - WARNING  - Pray ran into infinity
2025-11-12 17:18:14,464 - root         - INFO     - =================================================

2025-11-12 17:18:14,464 - root         - INFO     - 
========== SIMULATION 17/100 ==========
2025-11-12 17:18:14,465 - spore.simulation - INFO     - --- EVOLUTION PHASE ---
2025-11-12 17:18:14,465 - spore.simulation - INFO     - Evolved Predator:
2025-11-12 17:18:14,465 - spore.creature - INFO     -   Health: 115, Stamina: 83
2025-11-12 17:18:14,465 - spore.creature - INFO     -   Power: 5, Parts: [Legs(count=4), Wings(count=2), Claws(size=MEDIUM), Teeth(sharpness=LOW)]
2025-11-12 17:18:14,466 - spore.simulation - INFO     - Evolved Prey at 428:
2025-11-12 17:18:14,466 - spore.creature - INFO     -   Health: 106, Stamina: 37
2025-11-12 17:18:14,467 - spore.creature - INFO     -   Power: 8, Parts: [Legs(count=4), Wings(count=4)]
2025-11-12 17:18:14,467 - spore.simulation - INFO     - --- CHASE PHASE ---
2025-11-12 17:18:14,467 - spore.simulation - WARNING  - Pray ran into infinity
2025-11-12 17:18:14,468 - root         - INFO     - =================================================

2025-11-12 17:18:14,468 - root         - INFO     - 
========== SIMULATION 18/100 ==========
2025-11-12 17:18:14,468 - spore.simulation - INFO     - --- EVOLUTION PHASE ---
2025-11-12 17:18:14,469 - spore.simulation - INFO     - Evolved Predator:
2025-11-12 17:18:14,469 - spore.creature - INFO     -   Health: 82, Stamina: 143
2025-11-12 17:18:14,469 - spore.creature - INFO     -   Power: 6, Parts: [Claws(size=MEDIUM), Teeth(sharpness=LOW)]
2025-11-12 17:18:14,470 - spore.simulation - INFO     - Evolved Prey at 540:
2025-11-12 17:18:14,470 - spore.creature - INFO     -   Health: 116, Stamina: 84
2025-11-12 17:18:14,470 - spore.creature - INFO     -   Power: 10, Parts: [Teeth(sharpness=HIGH)]
2025-11-12 17:18:14,470 - spore.simulation - INFO     - --- CHASE PHASE ---
2025-11-12 17:18:14,472 - spore.simulation - WARNING  - Pray ran into infinity
2025-11-12 17:18:14,472 - root         - INFO     - =================================================

2025-11-12 17:18:14,472 - root         - INFO     - 
========== SIMULATION 19/100 ==========
2025-11-12 17:18:14,473 - spore.simulation - INFO     - --- EVOLUTION PHASE ---
2025-11-12 17:18:14,473 - spore.simulation - INFO     - Evolved Predator:
2025-11-12 17:18:14,473 - spore.creature - INFO     -   Health: 91, Stamina: 120
2025-11-12 17:18:14,473 - spore.creature - INFO     -   Power: 14, Parts: [Legs(count=1), Claws(size=SMALL), Teeth(sharpness=HIGH)]
2025-11-12 17:18:14,474 - spore.simulation - INFO     - Evolved Prey at 172:
2025-11-12 17:18:14,474 - spore.creature - INFO     -   Health: 96, Stamina: 30
2025-11-12 17:18:14,474 - spore.creature - INFO     -   Power: 15, Parts: [Legs(count=2), Claws(size=BIG)]
2025-11-12 17:18:14,475 - spore.simulation - INFO     - --- CHASE PHASE ---
2025-11-12 17:18:14,475 - spore.simulation - WARNING  - Pray ran into infinity
2025-11-12 17:18:14,476 - root         - INFO     - =================================================

2025-11-12 17:18:14,476 - root         - INFO     - 
========== SIMULATION 20/100 ==========
2025-11-12 17:18:14,476 - spore.simulation - INFO     - --- EVOLUTION PHASE ---
2025-11-12 17:18:14,476 - spore.simulation - INFO     - Evolved Predator:
2025-11-12 17:18:14,477 - spore.creature - INFO     -   Health: 85, Stamina: 88
2025-11-12 17:18:14,477 - spore.creature - INFO     -   Power: 8, Parts: [Claws(size=SMALL)]
2025-11-12 17:18:14,477 - spore.simulation - INFO     - Evolved Prey at 410:
2025-11-12 17:18:14,477 - spore.creature - INFO     -   Health: 97, Stamina: 64
2025-11-12 17:18:14,478 - spore.creature - INFO     -   Power: 8, Parts: [Legs(count=4), Wings(count=2)]
2025-11-12 17:18:14,478 - spore.simulation - INFO     - --- CHASE PHASE ---
2025-11-12 17:18:14,479 - spore.simulation - WARNING  - Pray ran into infinity
2025-11-12 17:18:14,479 - root         - INFO     - =================================================

2025-11-12 17:18:14,479 - root         - INFO     - 
========== SIMULATION 21/100 ==========
2025-11-12 17:18:14,480 - spore.simulation - INFO     - --- EVOLUTION PHASE ---
2025-11-12 17:18:14,480 - spore.simulation - INFO     - Evolved Predator:
2025-11-12 17:18:14,480 - spore.creature - INFO     -   Health: 95, Stamina: 117
2025-11-12 17:18:14,481 - spore.creature - INFO     -   Power: 13, Parts: [Legs(count=4), Claws(size=SMALL), Teeth(sharpness=MEDIUM)]
2025-11-12 17:18:14,481 - spore.simulation - INFO     - Evolved Prey at 186:
2025-11-12 17:18:14,482 - spore.creature - INFO     -   Health: 85, Stamina: 87
2025-11-12 17:18:14,482 - spore.creature - INFO     -   Power: 7, Parts: [Legs(count=2)]
2025-11-12 17:18:14,482 - spore.simulation - INFO     - --- CHASE PHASE ---
2025-11-12 17:18:14,483 - spore.simulation - WARNING  - Pray ran into infinity
2025-11-12 17:18:14,483 - root         - INFO     - =================================================

2025-11-12 17:18:14,484 - root         - INFO     - 
========== SIMULATION 22/100 ==========
2025-11-12 17:18:14,484 - spore.simulation - INFO     - --- EVOLUTION PHASE ---
2025-11-12 17:18:14,484 - spore.simulation - INFO     - Evolved Predator:
2025-11-12 17:18:14,485 - spore.creature - INFO     -   Health: 99, Stamina: 115
2025-11-12 17:18:14,485 - spore.creature - INFO     -   Power: 12, Parts: [Wings(count=4), Claws(size=MEDIUM), Teeth(sharpness=HIGH)]
2025-11-12 17:18:14,485 - spore.simulation - INFO     - Evolved Prey at 366:
2025-11-12 17:18:14,486 - spore.creature - INFO     -   Health: 81, Stamina: 75
2025-11-12 17:18:14,486 - spore.creature - INFO     -   Power: 10, Parts: [Legs(count=3), Claws(size=BIG)]
2025-11-12 17:18:14,486 - spore.simulation - INFO     - --- CHASE PHASE ---
2025-11-12 17:18:14,486 - spore.simulation - WARNING  - Pray ran into infinity
2025-11-12 17:18:14,487 - root         - INFO     - =================================================

2025-11-12 17:18:14,487 - root         - INFO     - 
========== SIMULATION 23/100 ==========
2025-11-12 17:18:14,487 - spore.simulation - INFO     - --- EVOLUTION PHASE ---
2025-11-12 17:18:14,488 - spore.simulation - INFO     - Evolved Predator:
2025-11-12 17:18:14,488 - spore.creature - INFO     -   Health: 116, Stamina: 109
2025-11-12 17:18:14,488 - spore.creature - INFO     -   Power: 6, Parts: [Legs(count=4), Wings(count=4), Claws(size=SMALL), Teeth(sharpness=MEDIUM)]
2025-11-12 17:18:14,489 - spore.simulation - INFO     - Evolved Prey at 435:
2025-11-12 17:18:14,489 - spore.creature - INFO     -   Health: 117, Stamina: 77
2025-11-12 17:18:14,490 - spore.creature - INFO     -   Power: 15, Parts: [Legs(count=3)]
2025-11-12 17:18:14,490 - spore.simulation - INFO     - --- CHASE PHASE ---
2025-11-12 17:18:14,490 - spore.simulation - WARNING  - Pray ran into infinity
2025-11-12 17:18:14,491 - root         - INFO     - =================================================

2025-11-12 17:18:14,491 - root         - INFO     - 
========== SIMULATION 24/100 ==========
2025-11-12 17:18:14,492 - spore.simulation - INFO     - --- EVOLUTION PHASE ---
2025-11-12 17:18:14,492 - spore.simulation - INFO     - Evolved Predator:
2025-11-12 17:18:14,492 - spore.creature - INFO     -   Health: 83, Stamina: 118
2025-11-12 17:18:14,493 - spore.creature - INFO     -   Power: 15, Parts: [Legs(count=2), Wings(count=4), Claws(size=BIG), Teeth(sharpness=LOW)]
2025-11-12 17:18:14,493 - spore.simulation - INFO     - Evolved Prey at 538:
2025-11-12 17:18:14,494 - spore.creature - INFO     -   Health: 81, Stamina: 50
2025-11-12 17:18:14,494 - spore.creature - INFO     -   Power: 12, Parts: [Legs(count=3)]
2025-11-12 17:18:14,494 - spore.simulation - INFO     - --- CHASE PHASE ---
2025-11-12 17:18:14,495 - spore.simulation - WARNING  - Pray ran into infinity
2025-11-12 17:18:14,495 - root         - INFO     - =================================================

2025-11-12 17:18:14,496 - root         - INFO     - 
========== SIMULATION 25/100 ==========
2025-11-12 17:18:14,496 - spore.simulation - INFO     - --- EVOLUTION PHASE ---
2025-11-12 17:18:14,496 - spore.simulation - INFO     - Evolved Predator:
2025-11-12 17:18:14,497 - spore.creature - INFO     -   Health: 114, Stamina: 140
2025-11-12 17:18:14,497 - spore.creature - INFO     -   Power: 14, Parts: [Legs(count=4), Wings(count=2), Claws(size=SMALL), Teeth(sharpness=LOW)]
2025-11-12 17:18:14,497 - spore.simulation - INFO     - Evolved Prey at 245:
2025-11-12 17:18:14,498 - spore.creature - INFO     -   Health: 87, Stamina: 72
2025-11-12 17:18:14,498 - spore.creature - INFO     -   Power: 15, Parts: [Legs(count=4), Wings(count=4)]
2025-11-12 17:18:14,498 - spore.simulation - INFO     - --- CHASE PHASE ---
2025-11-12 17:18:14,499 - spore.simulation - WARNING  - Pray ran into infinity
2025-11-12 17:18:14,499 - root         - INFO     - =================================================

2025-11-12 17:18:14,499 - root         - INFO     - 
========== SIMULATION 26/100 ==========
2025-11-12 17:18:14,500 - spore.simulation - INFO     - --- EVOLUTION PHASE ---
2025-11-12 17:18:14,500 - spore.simulation - INFO     - Evolved Predator:
2025-11-12 17:18:14,500 - spore.creature - INFO     -   Health: 101, Stamina: 89
2025-11-12 17:18:14,501 - spore.creature - INFO     -   Power: 12, Parts: [Claws(size=MEDIUM), Teeth(sharpness=LOW)]
2025-11-12 17:18:14,501 - spore.simulation - INFO     - Evolved Prey at 347:
2025-11-12 17:18:14,501 - spore.creature - INFO     -   Health: 85, Stamina: 34
2025-11-12 17:18:14,502 - spore.creature - INFO     -   Power: 10, Parts: [Legs(count=1), Wings(count=2), Claws(size=SMALL)]
2025-11-12 17:18:14,502 - spore.simulation - INFO     - --- CHASE PHASE ---
2025-11-12 17:18:14,503 - spore.simulation - WARNING  - Pray ran into infinity
2025-11-12 17:18:14,503 - root         - INFO     - =================================================

2025-11-12 17:18:14,504 - root         - INFO     - 
========== SIMULATION 27/100 ==========
2025-11-12 17:18:14,504 - spore.simulation - INFO     - --- EVOLUTION PHASE ---
2025-11-12 17:18:14,504 - spore.simulation - INFO     - Evolved Predator:
2025-11-12 17:18:14,505 - spore.creature - INFO     -   Health: 86, Stamina: 78
2025-11-12 17:18:14,505 - spore.creature - INFO     -   Power: 8, Parts: [Wings(count=4), Teeth(sharpness=HIGH)]
2025-11-12 17:18:14,505 - spore.simulation - INFO     - Evolved Prey at 440:
2025-11-12 17:18:14,506 - spore.creature - INFO     -   Health: 96, Stamina: 86
2025-11-12 17:18:14,506 - spore.creature - INFO     -   Power: 13, Parts: []
2025-11-12 17:18:14,506 - spore.simulation - INFO     - --- CHASE PHASE ---
2025-11-12 17:18:14,507 - spore.simulation - WARNING  - Pray ran into infinity
2025-11-12 17:18:14,508 - root         - INFO     - =================================================

2025-11-12 17:18:14,508 - root         - INFO     - 
========== SIMULATION 28/100 ==========
2025-11-12 17:18:14,508 - spore.simulation - INFO     - --- EVOLUTION PHASE ---
2025-11-12 17:18:14,509 - spore.simulation - INFO     - Evolved Predator:
2025-11-12 17:18:14,509 - spore.creature - INFO     -   Health: 93, Stamina: 121
2025-11-12 17:18:14,509 - spore.creature - INFO     -   Power: 9, Parts: [Legs(count=4), Wings(count=4), Teeth(sharpness=LOW)]
2025-11-12 17:18:14,510 - spore.simulation - INFO     - Evolved Prey at 295:
2025-11-12 17:18:14,510 - spore.creature - INFO     -   Health: 98, Stamina: 66
2025-11-12 17:18:14,510 - spore.creature - INFO     -   Power: 8, Parts: [Legs(count=2), Wings(count=2), Claws(size=BIG), Teeth(sharpness=HIGH)]
2025-11-12 17:18:14,511 - spore.simulation - INFO     - --- CHASE PHASE ---
2025-11-12 17:18:14,511 - spore.simulation - WARNING  - Pray ran into infinity
2025-11-12 17:18:14,512 - root         - INFO     - =================================================

2025-11-12 17:18:14,512 - root         - INFO     - 
========== SIMULATION 29/100 ==========
2025-11-12 17:18:14,512 - spore.simulation - INFO     - --- EVOLUTION PHASE ---
2025-11-12 17:18:14,512 - spore.simulation - INFO     - Evolved Predator:
2025-11-12 17:18:14,513 - spore.creature - INFO     -   Health: 100, Stamina: 126
2025-11-12 17:18:14,513 - spore.creature - INFO     -   Power: 10, Parts: [Wings(count=4), Claws(size=BIG), Teeth(sharpness=LOW)]
2025-11-12 17:18:14,513 - spore.simulation - INFO     - Evolved Prey at 481:
2025-11-12 17:18:14,514 - spore.creature - INFO     -   Health: 94, Stamina: 87
2025-11-12 17:18:14,514 - spore.creature - INFO     -   Power: 8, Parts: [Legs(count=3)]
2025-11-12 17:18:14,514 - spore.simulation - INFO     - --- CHASE PHASE ---
2025-11-12 17:18:14,515 - spore.simulation - WARNING  - Pray ran into infinity
2025-11-12 17:18:14,515 - root         - INFO     - =================================================

2025-11-12 17:18:14,516 - root         - INFO     - 
========== SIMULATION 30/100 ==========
2025-11-12 17:18:14,516 - spore.simulation - INFO     - --- EVOLUTION PHASE ---
2025-11-12 17:18:14,516 - spore.simulation - INFO     - Evolved Predator:
2025-11-12 17:18:14,517 - spore.creature - INFO     -   Health: 96, Stamina: 141
2025-11-12 17:18:14,517 - spore.creature - INFO     -   Power: 10, Parts: [Legs(count=4), Claws(size=SMALL), Teeth(sharpness=HIGH)]
2025-11-12 17:18:14,517 - spore.simulation - INFO     - Evolved Prey at 135:
2025-11-12 17:18:14,517 - spore.creature - INFO     -   Health: 98, Stamina: 86
2025-11-12 17:18:14,518 - spore.creature - INFO     -   Power: 15, Parts: [Legs(count=3), Teeth(sharpness=MEDIUM)]
2025-11-12 17:18:14,518 - spore.simulation - INFO     - --- CHASE PHASE ---
2025-11-12 17:18:14,519 - spore.simulation - WARNING  - Pray ran into infinity
2025-11-12 17:18:14,519 - root         - INFO     - =================================================

2025-11-12 17:18:14,520 - root         - INFO     - 
========== SIMULATION 31/100 ==========
2025-11-12 17:18:14,520 - spore.simulation - INFO     - --- EVOLUTION PHASE ---
2025-11-12 17:18:14,520 - spore.simulation - INFO     - Evolved Predator:
2025-11-12 17:18:14,521 - spore.creature - INFO     -   Health: 120, Stamina: 132
2025-11-12 17:18:14,521 - spore.creature - INFO     -   Power: 14, Parts: [Legs(count=4), Wings(count=4), Teeth(sharpness=MEDIUM)]
2025-11-12 17:18:14,521 - spore.simulation - INFO     - Evolved Prey at 510:
2025-11-12 17:18:14,522 - spore.creature - INFO     -   Health: 118, Stamina: 63
2025-11-12 17:18:14,522 - spore.creature - INFO     -   Power: 6, Parts: [Legs(count=2)]
2025-11-12 17:18:14,522 - spore.simulation - INFO     - --- CHASE PHASE ---
2025-11-12 17:18:14,523 - spore.simulation - WARNING  - Pray ran into infinity
2025-11-12 17:18:14,523 - root         - INFO     - =================================================

2025-11-12 17:18:14,523 - root         - INFO     - 
========== SIMULATION 32/100 ==========
2025-11-12 17:18:14,524 - spore.simulation - INFO     - --- EVOLUTION PHASE ---
2025-11-12 17:18:14,524 - spore.simulation - INFO     - Evolved Predator:
2025-11-12 17:18:14,524 - spore.creature - INFO     -   Health: 89, Stamina: 107
2025-11-12 17:18:14,525 - spore.creature - INFO     -   Power: 5, Parts: [Legs(count=3), Claws(size=MEDIUM)]
2025-11-12 17:18:14,525 - spore.simulation - INFO     - Evolved Prey at 550:
2025-11-12 17:18:14,525 - spore.creature - INFO     -   Health: 93, Stamina: 65
2025-11-12 17:18:14,526 - spore.creature - INFO     -   Power: 12, Parts: [Legs(count=2), Teeth(sharpness=HIGH)]
2025-11-12 17:18:14,526 - spore.simulation - INFO     - --- CHASE PHASE ---
2025-11-12 17:18:14,526 - spore.simulation - WARNING  - Pray ran into infinity
2025-11-12 17:18:14,527 - root         - INFO     - =================================================

2025-11-12 17:18:14,527 - root         - INFO     - 
========== SIMULATION 33/100 ==========
2025-11-12 17:18:14,528 - spore.simulation - INFO     - --- EVOLUTION PHASE ---
2025-11-12 17:18:14,528 - spore.simulation - INFO     - Evolved Predator:
2025-11-12 17:18:14,528 - spore.creature - INFO     -   Health: 85, Stamina: 118
2025-11-12 17:18:14,529 - spore.creature - INFO     -   Power: 10, Parts: [Legs(count=3), Wings(count=2), Claws(size=BIG), Teeth(sharpness=LOW)]
2025-11-12 17:18:14,529 - spore.simulation - INFO     - Evolved Prey at 494:
2025-11-12 17:18:14,529 - spore.creature - INFO     -   Health: 97, Stamina: 74
2025-11-12 17:18:14,530 - spore.creature - INFO     -   Power: 13, Parts: [Legs(count=2), Claws(size=SMALL), Teeth(sharpness=LOW)]
2025-11-12 17:18:14,530 - spore.simulation - INFO     - --- CHASE PHASE ---
2025-11-12 17:18:14,531 - spore.simulation - WARNING  - Pray ran into infinity
2025-11-12 17:18:14,531 - root         - INFO     - =================================================

2025-11-12 17:18:14,532 - root         - INFO     - 
========== SIMULATION 34/100 ==========
2025-11-12 17:18:14,532 - spore.simulation - INFO     - --- EVOLUTION PHASE ---
2025-11-12 17:18:14,532 - spore.simulation - INFO     - Evolved Predator:
2025-11-12 17:18:14,533 - spore.creature - INFO     -   Health: 92, Stamina: 86
2025-11-12 17:18:14,533 - spore.creature - INFO     -   Power: 14, Parts: [Claws(size=SMALL), Teeth(sharpness=MEDIUM)]
2025-11-12 17:18:14,533 - spore.simulation - INFO     - Evolved Prey at 361:
2025-11-12 17:18:14,533 - spore.creature - INFO     -   Health: 89, Stamina: 32
2025-11-12 17:18:14,534 - spore.creature - INFO     -   Power: 11, Parts: [Legs(count=4)]
2025-11-12 17:18:14,534 - spore.simulation - INFO     - --- CHASE PHASE ---
2025-11-12 17:18:14,535 - spore.simulation - WARNING  - Pray ran into infinity
2025-11-12 17:18:14,535 - root         - INFO     - =================================================

2025-11-12 17:18:14,535 - root         - INFO     - 
========== SIMULATION 35/100 ==========
2025-11-12 17:18:14,536 - spore.simulation - INFO     - --- EVOLUTION PHASE ---
2025-11-12 17:18:14,536 - spore.simulation - INFO     - Evolved Predator:
2025-11-12 17:18:14,536 - spore.creature - INFO     -   Health: 94, Stamina: 117
2025-11-12 17:18:14,537 - spore.creature - INFO     -   Power: 12, Parts: [Legs(count=3), Wings(count=2)]
2025-11-12 17:18:14,537 - spore.simulation - INFO     - Evolved Prey at 476:
2025-11-12 17:18:14,537 - spore.creature - INFO     -   Health: 108, Stamina: 75
2025-11-12 17:18:14,538 - spore.creature - INFO     -   Power: 11, Parts: [Legs(count=4), Teeth(sharpness=LOW)]
2025-11-12 17:18:14,538 - spore.simulation - INFO     - --- CHASE PHASE ---
2025-11-12 17:18:14,539 - spore.simulation - WARNING  - Pray ran into infinity
2025-11-12 17:18:14,539 - root         - INFO     - =================================================

2025-11-12 17:18:14,539 - root         - INFO     - 
========== SIMULATION 36/100 ==========
2025-11-12 17:18:14,540 - spore.simulation - INFO     - --- EVOLUTION PHASE ---
2025-11-12 17:18:14,540 - spore.simulation - INFO     - Evolved Predator:
2025-11-12 17:18:14,540 - spore.creature - INFO     -   Health: 113, Stamina: 103
2025-11-12 17:18:14,541 - spore.creature - INFO     -   Power: 5, Parts: [Legs(count=1), Wings(count=4), Claws(size=MEDIUM), Teeth(sharpness=LOW)]
2025-11-12 17:18:14,541 - spore.simulation - INFO     - Evolved Prey at 344:
2025-11-12 17:18:14,541 - spore.creature - INFO     -   Health: 103, Stamina: 61
2025-11-12 17:18:14,542 - spore.creature - INFO     -   Power: 7, Parts: []
2025-11-12 17:18:14,542 - spore.simulation - INFO     - --- CHASE PHASE ---
2025-11-12 17:18:14,543 - spore.simulation - WARNING  - Pray ran into infinity
2025-11-12 17:18:14,543 - root         - INFO     - =================================================

2025-11-12 17:18:14,543 - root         - INFO     - 
========== SIMULATION 37/100 ==========
2025-11-12 17:18:14,544 - spore.simulation - INFO     - --- EVOLUTION PHASE ---
2025-11-12 17:18:14,544 - spore.simulation - INFO     - Evolved Predator:
2025-11-12 17:18:14,544 - spore.creature - INFO     -   Health: 86, Stamina: 123
2025-11-12 17:18:14,544 - spore.creature - INFO     -   Power: 7, Parts: [Legs(count=2), Wings(count=4), Teeth(sharpness=MEDIUM)]
2025-11-12 17:18:14,545 - spore.simulation - INFO     - Evolved Prey at 305:
2025-11-12 17:18:14,545 - spore.creature - INFO     -   Health: 109, Stamina: 58
2025-11-12 17:18:14,545 - spore.creature - INFO     -   Power: 9, Parts: [Legs(count=3)]
2025-11-12 17:18:14,546 - spore.simulation - INFO     - --- CHASE PHASE ---
2025-11-12 17:18:14,546 - spore.simulation - WARNING  - Pray ran into infinity
2025-11-12 17:18:14,546 - root         - INFO     - =================================================

2025-11-12 17:18:14,547 - root         - INFO     - 
========== SIMULATION 38/100 ==========
2025-11-12 17:18:14,547 - spore.simulation - INFO     - --- EVOLUTION PHASE ---
2025-11-12 17:18:14,548 - spore.simulation - INFO     - Evolved Predator:
2025-11-12 17:18:14,548 - spore.creature - INFO     -   Health: 95, Stamina: 149
2025-11-12 17:18:14,548 - spore.creature - INFO     -   Power: 5, Parts: [Legs(count=3), Wings(count=2), Claws(size=SMALL), Teeth(sharpness=LOW)]
2025-11-12 17:18:14,549 - spore.simulation - INFO     - Evolved Prey at 219:
2025-11-12 17:18:14,549 - spore.creature - INFO     -   Health: 116, Stamina: 59
2025-11-12 17:18:14,550 - spore.creature - INFO     -   Power: 6, Parts: [Legs(count=4)]
2025-11-12 17:18:14,550 - spore.simulation - INFO     - --- CHASE PHASE ---
2025-11-12 17:18:14,551 - spore.simulation - WARNING  - Pray ran into infinity
2025-11-12 17:18:14,551 - root         - INFO     - =================================================

2025-11-12 17:18:14,551 - root         - INFO     - 
========== SIMULATION 39/100 ==========
2025-11-12 17:18:14,552 - spore.simulation - INFO     - --- EVOLUTION PHASE ---
2025-11-12 17:18:14,552 - spore.simulation - INFO     - Evolved Predator:
2025-11-12 17:18:14,552 - spore.creature - INFO     -   Health: 107, Stamina: 127
2025-11-12 17:18:14,553 - spore.creature - INFO     -   Power: 9, Parts: [Legs(count=2), Claws(size=SMALL), Teeth(sharpness=HIGH)]
2025-11-12 17:18:14,553 - spore.simulation - INFO     - Evolved Prey at 546:
2025-11-12 17:18:14,553 - spore.creature - INFO     -   Health: 117, Stamina: 61
2025-11-12 17:18:14,554 - spore.creature - INFO     -   Power: 5, Parts: [Legs(count=3), Wings(count=2)]
2025-11-12 17:18:14,554 - spore.simulation - INFO     - --- CHASE PHASE ---
2025-11-12 17:18:14,555 - spore.simulation - WARNING  - Pray ran into infinity
2025-11-12 17:18:14,555 - root         - INFO     - =================================================

2025-11-12 17:18:14,555 - root         - INFO     - 
========== SIMULATION 40/100 ==========
2025-11-12 17:18:14,555 - spore.simulation - INFO     - --- EVOLUTION PHASE ---
2025-11-12 17:18:14,556 - spore.simulation - INFO     - Evolved Predator:
2025-11-12 17:18:14,556 - spore.creature - INFO     -   Health: 117, Stamina: 114
2025-11-12 17:18:14,556 - spore.creature - INFO     -   Power: 6, Parts: [Legs(count=1), Wings(count=2)]
2025-11-12 17:18:14,556 - spore.simulation - INFO     - Evolved Prey at 458:
2025-11-12 17:18:14,557 - spore.creature - INFO     -   Health: 80, Stamina: 50
2025-11-12 17:18:14,557 - spore.creature - INFO     -   Power: 7, Parts: [Legs(count=1), Teeth(sharpness=MEDIUM)]
2025-11-12 17:18:14,557 - spore.simulation - INFO     - --- CHASE PHASE ---
2025-11-12 17:18:14,557 - spore.simulation - WARNING  - Pray ran into infinity
2025-11-12 17:18:14,558 - root         - INFO     - =================================================

2025-11-12 17:18:14,558 - root         - INFO     - 
========== SIMULATION 41/100 ==========
2025-11-12 17:18:14,558 - spore.simulation - INFO     - --- EVOLUTION PHASE ---
2025-11-12 17:18:14,558 - spore.simulation - INFO     - Evolved Predator:
2025-11-12 17:18:14,559 - spore.creature - INFO     -   Health: 102, Stamina: 125
2025-11-12 17:18:14,559 - spore.creature - INFO     -   Power: 14, Parts: [Legs(count=2), Claws(size=BIG), Teeth(sharpness=LOW)]
2025-11-12 17:18:14,559 - spore.simulation - INFO     - Evolved Prey at 303:
2025-11-12 17:18:14,560 - spore.creature - INFO     -   Health: 83, Stamina: 87
2025-11-12 17:18:14,560 - spore.creature - INFO     -   Power: 12, Parts: [Legs(count=3)]
2025-11-12 17:18:14,560 - spore.simulation - INFO     - --- CHASE PHASE ---
2025-11-12 17:18:14,560 - spore.simulation - WARNING  - Pray ran into infinity
2025-11-12 17:18:14,561 - root         - INFO     - =================================================

2025-11-12 17:18:14,561 - root         - INFO     - 
========== SIMULATION 42/100 ==========
2025-11-12 17:18:14,561 - spore.simulation - INFO     - --- EVOLUTION PHASE ---
2025-11-12 17:18:14,562 - spore.simulation - INFO     - Evolved Predator:
2025-11-12 17:18:14,562 - spore.creature - INFO     -   Health: 96, Stamina: 93
2025-11-12 17:18:14,562 - spore.creature - INFO     -   Power: 7, Parts: [Legs(count=1), Teeth(sharpness=LOW)]
2025-11-12 17:18:14,563 - spore.simulation - INFO     - Evolved Prey at 123:
2025-11-12 17:18:14,563 - spore.creature - INFO     -   Health: 105, Stamina: 41
2025-11-12 17:18:14,563 - spore.creature - INFO     -   Power: 8, Parts: [Legs(count=1)]
2025-11-12 17:18:14,563 - spore.simulation - INFO     - --- CHASE PHASE ---
2025-11-12 17:18:14,565 - spore.simulation - WARNING  - Pray ran into infinity
2025-11-12 17:18:14,565 - root         - INFO     - =================================================

2025-11-12 17:18:14,565 - root         - INFO     - 
========== SIMULATION 43/100 ==========
2025-11-12 17:18:14,566 - spore.simulation - INFO     - --- EVOLUTION PHASE ---
2025-11-12 17:18:14,566 - spore.simulation - INFO     - Evolved Predator:
2025-11-12 17:18:14,566 - spore.creature - INFO     -   Health: 92, Stamina: 117
2025-11-12 17:18:14,567 - spore.creature - INFO     -   Power: 5, Parts: [Wings(count=2), Claws(size=MEDIUM), Teeth(sharpness=LOW)]
2025-11-12 17:18:14,567 - spore.simulation - INFO     - Evolved Prey at 511:
2025-11-12 17:18:14,567 - spore.creature - INFO     -   Health: 84, Stamina: 72
2025-11-12 17:18:14,568 - spore.creature - INFO     -   Power: 9, Parts: [Legs(count=1), Wings(count=4)]
2025-11-12 17:18:14,568 - spore.simulation - INFO     - --- CHASE PHASE ---
2025-11-12 17:18:14,568 - spore.simulation - WARNING  - Pray ran into infinity
2025-11-12 17:18:14,569 - root         - INFO     - =================================================

2025-11-12 17:18:14,569 - root         - INFO     - 
========== SIMULATION 44/100 ==========
2025-11-12 17:18:14,569 - spore.simulation - INFO     - --- EVOLUTION PHASE ---
2025-11-12 17:18:14,569 - spore.simulation - INFO     - Evolved Predator:
2025-11-12 17:18:14,570 - spore.creature - INFO     -   Health: 97, Stamina: 87
2025-11-12 17:18:14,570 - spore.creature - INFO     -   Power: 8, Parts: [Legs(count=4), Wings(count=2), Claws(size=SMALL)]
2025-11-12 17:18:14,570 - spore.simulation - INFO     - Evolved Prey at 419:
2025-11-12 17:18:14,571 - spore.creature - INFO     -   Health: 90, Stamina: 45
2025-11-12 17:18:14,571 - spore.creature - INFO     -   Power: 15, Parts: [Legs(count=3)]
2025-11-12 17:18:14,571 - spore.simulation - INFO     - --- CHASE PHASE ---
2025-11-12 17:18:14,572 - spore.simulation - WARNING  - Pray ran into infinity
2025-11-12 17:18:14,572 - root         - INFO     - =================================================

2025-11-12 17:18:14,573 - root         - INFO     - 
========== SIMULATION 45/100 ==========
2025-11-12 17:18:14,573 - spore.simulation - INFO     - --- EVOLUTION PHASE ---
2025-11-12 17:18:14,573 - spore.simulation - INFO     - Evolved Predator:
2025-11-12 17:18:14,574 - spore.creature - INFO     -   Health: 113, Stamina: 112
2025-11-12 17:18:14,574 - spore.creature - INFO     -   Power: 6, Parts: [Legs(count=1), Wings(count=4), Claws(size=BIG), Teeth(sharpness=LOW)]
2025-11-12 17:18:14,574 - spore.simulation - INFO     - Evolved Prey at 552:
2025-11-12 17:18:14,575 - spore.creature - INFO     -   Health: 92, Stamina: 53
2025-11-12 17:18:14,575 - spore.creature - INFO     -   Power: 14, Parts: [Legs(count=2), Teeth(sharpness=HIGH)]
2025-11-12 17:18:14,575 - spore.simulation - INFO     - --- CHASE PHASE ---
2025-11-12 17:18:14,576 - spore.simulation - WARNING  - Pray ran into infinity
2025-11-12 17:18:14,576 - root         - INFO     - =================================================

2025-11-12 17:18:14,577 - root         - INFO     - 
========== SIMULATION 46/100 ==========
2025-11-12 17:18:14,577 - spore.simulation - INFO     - --- EVOLUTION PHASE ---
2025-11-12 17:18:14,577 - spore.simulation - INFO     - Evolved Predator:
2025-11-12 17:18:14,577 - spore.creature - INFO     -   Health: 92, Stamina: 97
2025-11-12 17:18:14,578 - spore.creature - INFO     -   Power: 10, Parts: [Legs(count=4), Wings(count=2), Teeth(sharpness=MEDIUM)]
2025-11-12 17:18:14,578 - spore.simulation - INFO     - Evolved Prey at 528:
2025-11-12 17:18:14,578 - spore.creature - INFO     -   Health: 94, Stamina: 47
2025-11-12 17:18:14,579 - spore.creature - INFO     -   Power: 13, Parts: [Legs(count=2)]
2025-11-12 17:18:14,579 - spore.simulation - INFO     - --- CHASE PHASE ---
2025-11-12 17:18:14,580 - spore.simulation - WARNING  - Pray ran into infinity
2025-11-12 17:18:14,580 - root         - INFO     - =================================================

2025-11-12 17:18:14,580 - root         - INFO     - 
========== SIMULATION 47/100 ==========
2025-11-12 17:18:14,581 - spore.simulation - INFO     - --- EVOLUTION PHASE ---
2025-11-12 17:18:14,581 - spore.simulation - INFO     - Evolved Predator:
2025-11-12 17:18:14,581 - spore.creature - INFO     -   Health: 105, Stamina: 126
2025-11-12 17:18:14,582 - spore.creature - INFO     -   Power: 11, Parts: [Legs(count=3), Claws(size=SMALL)]
2025-11-12 17:18:14,582 - spore.simulation - INFO     - Evolved Prey at 148:
2025-11-12 17:18:14,582 - spore.creature - INFO     -   Health: 102, Stamina: 55
2025-11-12 17:18:14,583 - spore.creature - INFO     -   Power: 8, Parts: [Legs(count=2)]
2025-11-12 17:18:14,583 - spore.simulation - INFO     - --- CHASE PHASE ---
2025-11-12 17:18:14,584 - spore.simulation - WARNING  - Pray ran into infinity
2025-11-12 17:18:14,584 - root         - INFO     - =================================================

2025-11-12 17:18:14,584 - root         - INFO     - 
========== SIMULATION 48/100 ==========
2025-11-12 17:18:14,585 - spore.simulation - INFO     - --- EVOLUTION PHASE ---
2025-11-12 17:18:14,585 - spore.simulation - INFO     - Evolved Predator:
2025-11-12 17:18:14,585 - spore.creature - INFO     -   Health: 99, Stamina: 90
2025-11-12 17:18:14,586 - spore.creature - INFO     -   Power: 8, Parts: [Legs(count=2), Wings(count=2), Claws(size=SMALL), Teeth(sharpness=HIGH)]
2025-11-12 17:18:14,586 - spore.simulation - INFO     - Evolved Prey at 485:
2025-11-12 17:18:14,586 - spore.creature - INFO     -   Health: 113, Stamina: 37
2025-11-12 17:18:14,586 - spore.creature - INFO     -   Power: 10, Parts: [Legs(count=1), Teeth(sharpness=LOW)]
2025-11-12 17:18:14,587 - spore.simulation - INFO     - --- CHASE PHASE ---
2025-11-12 17:18:14,587 - spore.simulation - WARNING  - Pray ran into infinity
2025-11-12 17:18:14,588 - root         - INFO     - =================================================

2025-11-12 17:18:14,588 - root         - INFO     - 
========== SIMULATION 49/100 ==========
2025-11-12 17:18:14,588 - spore.simulation - INFO     - --- EVOLUTION PHASE ---
2025-11-12 17:18:14,589 - spore.simulation - INFO     - Evolved Predator:
2025-11-12 17:18:14,589 - spore.creature - INFO     -   Health: 93, Stamina: 114
2025-11-12 17:18:14,589 - spore.creature - INFO     -   Power: 14, Parts: [Legs(count=2), Claws(size=SMALL)]
2025-11-12 17:18:14,590 - spore.simulation - INFO     - Evolved Prey at 476:
2025-11-12 17:18:14,590 - spore.creature - INFO     -   Health: 100, Stamina: 31
2025-11-12 17:18:14,590 - spore.creature - INFO     -   Power: 12, Parts: [Legs(count=1)]
2025-11-12 17:18:14,591 - spore.simulation - INFO     - --- CHASE PHASE ---
2025-11-12 17:18:14,591 - spore.simulation - WARNING  - Pray ran into infinity
2025-11-12 17:18:14,592 - root         - INFO     - =================================================

2025-11-12 17:18:14,592 - root         - INFO     - 
========== SIMULATION 50/100 ==========
2025-11-12 17:18:14,592 - spore.simulation - INFO     - --- EVOLUTION PHASE ---
2025-11-12 17:18:14,592 - spore.simulation - INFO     - Evolved Predator:
2025-11-12 17:18:14,593 - spore.creature - INFO     -   Health: 117, Stamina: 83
2025-11-12 17:18:14,593 - spore.creature - INFO     -   Power: 13, Parts: [Legs(count=2), Wings(count=2), Claws(size=BIG)]
2025-11-12 17:18:14,594 - spore.simulation - INFO     - Evolved Prey at 257:
2025-11-12 17:18:14,594 - spore.creature - INFO     -   Health: 82, Stamina: 34
2025-11-12 17:18:14,594 - spore.creature - INFO     -   Power: 6, Parts: [Legs(count=1)]
2025-11-12 17:18:14,595 - spore.simulation - INFO     - --- CHASE PHASE ---
2025-11-12 17:18:14,595 - spore.simulation - WARNING  - Pray ran into infinity
2025-11-12 17:18:14,595 - root         - INFO     - =================================================

2025-11-12 17:18:14,596 - root         - INFO     - 
========== SIMULATION 51/100 ==========
2025-11-12 17:18:14,596 - spore.simulation - INFO     - --- EVOLUTION PHASE ---
2025-11-12 17:18:14,596 - spore.simulation - INFO     - Evolved Predator:
2025-11-12 17:18:14,597 - spore.creature - INFO     -   Health: 86, Stamina: 81
2025-11-12 17:18:14,597 - spore.creature - INFO     -   Power: 12, Parts: [Legs(count=3), Wings(count=4), Claws(size=BIG), Teeth(sharpness=HIGH)]
2025-11-12 17:18:14,597 - spore.simulation - INFO     - Evolved Prey at 570:
2025-11-12 17:18:14,598 - spore.creature - INFO     -   Health: 88, Stamina: 89
2025-11-12 17:18:14,598 - spore.creature - INFO     -   Power: 15, Parts: []
2025-11-12 17:18:14,598 - spore.simulation - INFO     - --- CHASE PHASE ---
2025-11-12 17:18:14,599 - spore.simulation - WARNING  - Pray ran into infinity
2025-11-12 17:18:14,599 - root         - INFO     - =================================================

2025-11-12 17:18:14,600 - root         - INFO     - 
========== SIMULATION 52/100 ==========
2025-11-12 17:18:14,600 - spore.simulation - INFO     - --- EVOLUTION PHASE ---
2025-11-12 17:18:14,600 - spore.simulation - INFO     - Evolved Predator:
2025-11-12 17:18:14,601 - spore.creature - INFO     -   Health: 88, Stamina: 71
2025-11-12 17:18:14,601 - spore.creature - INFO     -   Power: 14, Parts: [Claws(size=SMALL)]
2025-11-12 17:18:14,601 - spore.simulation - INFO     - Evolved Prey at 138:
2025-11-12 17:18:14,602 - spore.creature - INFO     -   Health: 103, Stamina: 85
2025-11-12 17:18:14,602 - spore.creature - INFO     -   Power: 14, Parts: [Legs(count=2)]
2025-11-12 17:18:14,602 - spore.simulation - INFO     - --- CHASE PHASE ---
2025-11-12 17:18:14,603 - spore.simulation - WARNING  - Pray ran into infinity
2025-11-12 17:18:14,603 - root         - INFO     - =================================================

2025-11-12 17:18:14,604 - root         - INFO     - 
========== SIMULATION 53/100 ==========
2025-11-12 17:18:14,604 - spore.simulation - INFO     - --- EVOLUTION PHASE ---
2025-11-12 17:18:14,605 - spore.simulation - INFO     - Evolved Predator:
2025-11-12 17:18:14,605 - spore.creature - INFO     -   Health: 81, Stamina: 85
2025-11-12 17:18:14,605 - spore.creature - INFO     -   Power: 8, Parts: [Claws(size=SMALL), Teeth(sharpness=HIGH)]
2025-11-12 17:18:14,606 - spore.simulation - INFO     - Evolved Prey at 346:
2025-11-12 17:18:14,606 - spore.creature - INFO     -   Health: 91, Stamina: 87
2025-11-12 17:18:14,606 - spore.creature - INFO     -   Power: 11, Parts: [Legs(count=3), Wings(count=2)]
2025-11-12 17:18:14,607 - spore.simulation - INFO     - --- CHASE PHASE ---
2025-11-12 17:18:14,608 - spore.simulation - WARNING  - Pray ran into infinity
2025-11-12 17:18:14,608 - root         - INFO     - =================================================

2025-11-12 17:18:14,608 - root         - INFO     - 
========== SIMULATION 54/100 ==========
2025-11-12 17:18:14,609 - spore.simulation - INFO     - --- EVOLUTION PHASE ---
2025-11-12 17:18:14,609 - spore.simulation - INFO     - Evolved Predator:
2025-11-12 17:18:14,609 - spore.creature - INFO     -   Health: 109, Stamina: 122
2025-11-12 17:18:14,610 - spore.creature - INFO     -   Power: 6, Parts: [Legs(count=1), Teeth(sharpness=LOW)]
2025-11-12 17:18:14,610 - spore.simulation - INFO     - Evolved Prey at 499:
2025-11-12 17:18:14,611 - spore.creature - INFO     -   Health: 97, Stamina: 58
2025-11-12 17:18:14,611 - spore.creature - INFO     -   Power: 6, Parts: [Legs(count=2), Wings(count=2)]
2025-11-12 17:18:14,611 - spore.simulation - INFO     - --- CHASE PHASE ---
2025-11-12 17:18:14,612 - spore.simulation - WARNING  - Pray ran into infinity
2025-11-12 17:18:14,612 - root         - INFO     - =================================================

2025-11-12 17:18:14,613 - root         - INFO     - 
========== SIMULATION 55/100 ==========
2025-11-12 17:18:14,613 - spore.simulation - INFO     - --- EVOLUTION PHASE ---
2025-11-12 17:18:14,613 - spore.simulation - INFO     - Evolved Predator:
2025-11-12 17:18:14,614 - spore.creature - INFO     -   Health: 96, Stamina: 88
2025-11-12 17:18:14,614 - spore.creature - INFO     -   Power: 6, Parts: [Wings(count=4), Claws(size=MEDIUM), Teeth(sharpness=LOW)]
2025-11-12 17:18:14,614 - spore.simulation - INFO     - Evolved Prey at 281:
2025-11-12 17:18:14,615 - spore.creature - INFO     -   Health: 94, Stamina: 73
2025-11-12 17:18:14,615 - spore.creature - INFO     -   Power: 6, Parts: [Wings(count=2)]
2025-11-12 17:18:14,615 - spore.simulation - INFO     - --- CHASE PHASE ---
2025-11-12 17:18:14,616 - spore.simulation - WARNING  - Pray ran into infinity
2025-11-12 17:18:14,616 - root         - INFO     - =================================================

2025-11-12 17:18:14,617 - root         - INFO     - 
========== SIMULATION 56/100 ==========
2025-11-12 17:18:14,617 - spore.simulation - INFO     - --- EVOLUTION PHASE ---
2025-11-12 17:18:14,617 - spore.simulation - INFO     - Evolved Predator:
2025-11-12 17:18:14,618 - spore.creature - INFO     -   Health: 87, Stamina: 94
2025-11-12 17:18:14,618 - spore.creature - INFO     -   Power: 15, Parts: [Legs(count=4), Wings(count=2), Claws(size=SMALL)]
2025-11-12 17:18:14,618 - spore.simulation - INFO     - Evolved Prey at 353:
2025-11-12 17:18:14,618 - spore.creature - INFO     -   Health: 83, Stamina: 79
2025-11-12 17:18:14,619 - spore.creature - INFO     -   Power: 12, Parts: [Legs(count=2), Claws(size=SMALL)]
2025-11-12 17:18:14,619 - spore.simulation - INFO     - --- CHASE PHASE ---
2025-11-12 17:18:14,620 - spore.simulation - WARNING  - Pray ran into infinity
2025-11-12 17:18:14,620 - root         - INFO     - =================================================

2025-11-12 17:18:14,620 - root         - INFO     - 
========== SIMULATION 57/100 ==========
2025-11-12 17:18:14,621 - spore.simulation - INFO     - --- EVOLUTION PHASE ---
2025-11-12 17:18:14,621 - spore.simulation - INFO     - Evolved Predator:
2025-11-12 17:18:14,621 - spore.creature - INFO     -   Health: 97, Stamina: 150
2025-11-12 17:18:14,622 - spore.creature - INFO     -   Power: 15, Parts: [Claws(size=MEDIUM)]
2025-11-12 17:18:14,622 - spore.simulation - INFO     - Evolved Prey at 496:
2025-11-12 17:18:14,623 - spore.creature - INFO     -   Health: 85, Stamina: 52
2025-11-12 17:18:14,623 - spore.creature - INFO     -   Power: 13, Parts: [Wings(count=4), Teeth(sharpness=MEDIUM)]
2025-11-12 17:18:14,623 - spore.simulation - INFO     - --- CHASE PHASE ---
2025-11-12 17:18:14,624 - spore.simulation - WARNING  - Pray ran into infinity
2025-11-12 17:18:14,624 - root         - INFO     - =================================================

2025-11-12 17:18:14,625 - root         - INFO     - 
========== SIMULATION 58/100 ==========
2025-11-12 17:18:14,625 - spore.simulation - INFO     - --- EVOLUTION PHASE ---
2025-11-12 17:18:14,626 - spore.simulation - INFO     - Evolved Predator:
2025-11-12 17:18:14,626 - spore.creature - INFO     -   Health: 98, Stamina: 76
2025-11-12 17:18:14,626 - spore.creature - INFO     -   Power: 5, Parts: [Wings(count=2), Claws(size=BIG), Teeth(sharpness=LOW)]
2025-11-12 17:18:14,627 - spore.simulation - INFO     - Evolved Prey at 484:
2025-11-12 17:18:14,627 - spore.creature - INFO     -   Health: 119, Stamina: 71
2025-11-12 17:18:14,627 - spore.creature - INFO     -   Power: 7, Parts: []
2025-11-12 17:18:14,628 - spore.simulation - INFO     - --- CHASE PHASE ---
2025-11-12 17:18:14,629 - spore.simulation - WARNING  - Pray ran into infinity
2025-11-12 17:18:14,629 - root         - INFO     - =================================================

2025-11-12 17:18:14,629 - root         - INFO     - 
========== SIMULATION 59/100 ==========
2025-11-12 17:18:14,630 - spore.simulation - INFO     - --- EVOLUTION PHASE ---
2025-11-12 17:18:14,630 - spore.simulation - INFO     - Evolved Predator:
2025-11-12 17:18:14,631 - spore.creature - INFO     -   Health: 108, Stamina: 105
2025-11-12 17:18:14,631 - spore.creature - INFO     -   Power: 9, Parts: [Legs(count=1), Wings(count=2)]
2025-11-12 17:18:14,631 - spore.simulation - INFO     - Evolved Prey at 525:
2025-11-12 17:18:14,632 - spore.creature - INFO     -   Health: 91, Stamina: 79
2025-11-12 17:18:14,632 - spore.creature - INFO     -   Power: 10, Parts: [Legs(count=2), Wings(count=2), Claws(size=MEDIUM)]
2025-11-12 17:18:14,632 - spore.simulation - INFO     - --- CHASE PHASE ---
2025-11-12 17:18:14,633 - spore.simulation - WARNING  - Pray ran into infinity
2025-11-12 17:18:14,633 - root         - INFO     - =================================================

2025-11-12 17:18:14,633 - root         - INFO     - 
========== SIMULATION 60/100 ==========
2025-11-12 17:18:14,634 - spore.simulation - INFO     - --- EVOLUTION PHASE ---
2025-11-12 17:18:14,634 - spore.simulation - INFO     - Evolved Predator:
2025-11-12 17:18:14,634 - spore.creature - INFO     -   Health: 97, Stamina: 86
2025-11-12 17:18:14,635 - spore.creature - INFO     -   Power: 7, Parts: [Claws(size=BIG), Teeth(sharpness=LOW)]
2025-11-12 17:18:14,635 - spore.simulation - INFO     - Evolved Prey at 333:
2025-11-12 17:18:14,635 - spore.creature - INFO     -   Health: 88, Stamina: 51
2025-11-12 17:18:14,636 - spore.creature - INFO     -   Power: 6, Parts: [Legs(count=4), Wings(count=4), Teeth(sharpness=LOW)]
2025-11-12 17:18:14,636 - spore.simulation - INFO     - --- CHASE PHASE ---
2025-11-12 17:18:14,637 - spore.simulation - WARNING  - Pray ran into infinity
2025-11-12 17:18:14,637 - root         - INFO     - =================================================

2025-11-12 17:18:14,637 - root         - INFO     - 
========== SIMULATION 61/100 ==========
2025-11-12 17:18:14,638 - spore.simulation - INFO     - --- EVOLUTION PHASE ---
2025-11-12 17:18:14,638 - spore.simulation - INFO     - Evolved Predator:
2025-11-12 17:18:14,638 - spore.creature - INFO     -   Health: 98, Stamina: 145
2025-11-12 17:18:14,639 - spore.creature - INFO     -   Power: 9, Parts: [Claws(size=SMALL), Teeth(sharpness=HIGH)]
2025-11-12 17:18:14,639 - spore.simulation - INFO     - Evolved Prey at 242:
2025-11-12 17:18:14,639 - spore.creature - INFO     -   Health: 110, Stamina: 75
2025-11-12 17:18:14,640 - spore.creature - INFO     -   Power: 10, Parts: [Wings(count=2)]
2025-11-12 17:18:14,640 - spore.simulation - INFO     - --- CHASE PHASE ---
2025-11-12 17:18:14,641 - spore.simulation - WARNING  - Pray ran into infinity
2025-11-12 17:18:14,642 - root         - INFO     - =================================================

2025-11-12 17:18:14,642 - root         - INFO     - 
========== SIMULATION 62/100 ==========
2025-11-12 17:18:14,642 - spore.simulation - INFO     - --- EVOLUTION PHASE ---
2025-11-12 17:18:14,643 - spore.simulation - INFO     - Evolved Predator:
2025-11-12 17:18:14,643 - spore.creature - INFO     -   Health: 96, Stamina: 143
2025-11-12 17:18:14,643 - spore.creature - INFO     -   Power: 7, Parts: [Legs(count=2), Wings(count=4), Claws(size=BIG), Teeth(sharpness=LOW)]
2025-11-12 17:18:14,644 - spore.simulation - INFO     - Evolved Prey at 314:
2025-11-12 17:18:14,644 - spore.creature - INFO     -   Health: 114, Stamina: 60
2025-11-12 17:18:14,645 - spore.creature - INFO     -   Power: 8, Parts: [Legs(count=4), Wings(count=4), Teeth(sharpness=MEDIUM)]
2025-11-12 17:18:14,645 - spore.simulation - INFO     - --- CHASE PHASE ---
2025-11-12 17:18:14,646 - spore.simulation - WARNING  - Pray ran into infinity
2025-11-12 17:18:14,646 - root         - INFO     - =================================================

2025-11-12 17:18:14,646 - root         - INFO     - 
========== SIMULATION 63/100 ==========
2025-11-12 17:18:14,647 - spore.simulation - INFO     - --- EVOLUTION PHASE ---
2025-11-12 17:18:14,647 - spore.simulation - INFO     - Evolved Predator:
2025-11-12 17:18:14,647 - spore.creature - INFO     -   Health: 94, Stamina: 133
2025-11-12 17:18:14,648 - spore.creature - INFO     -   Power: 6, Parts: [Legs(count=4), Claws(size=SMALL), Teeth(sharpness=MEDIUM)]
2025-11-12 17:18:14,648 - spore.simulation - INFO     - Evolved Prey at 547:
2025-11-12 17:18:14,648 - spore.creature - INFO     -   Health: 115, Stamina: 38
2025-11-12 17:18:14,649 - spore.creature - INFO     -   Power: 7, Parts: [Legs(count=4)]
2025-11-12 17:18:14,649 - spore.simulation - INFO     - --- CHASE PHASE ---
2025-11-12 17:18:14,650 - spore.simulation - WARNING  - Pray ran into infinity
2025-11-12 17:18:14,650 - root         - INFO     - =================================================

2025-11-12 17:18:14,651 - root         - INFO     - 
========== SIMULATION 64/100 ==========
2025-11-12 17:18:14,651 - spore.simulation - INFO     - --- EVOLUTION PHASE ---
2025-11-12 17:18:14,651 - spore.simulation - INFO     - Evolved Predator:
2025-11-12 17:18:14,652 - spore.creature - INFO     -   Health: 112, Stamina: 99
2025-11-12 17:18:14,652 - spore.creature - INFO     -   Power: 13, Parts: [Legs(count=2), Wings(count=4), Claws(size=MEDIUM), Teeth(sharpness=MEDIUM)]
2025-11-12 17:18:14,652 - spore.simulation - INFO     - Evolved Prey at 497:
2025-11-12 17:18:14,653 - spore.creature - INFO     -   Health: 96, Stamina: 83
2025-11-12 17:18:14,653 - spore.creature - INFO     -   Power: 8, Parts: [Legs(count=4)]
2025-11-12 17:18:14,653 - spore.simulation - INFO     - --- CHASE PHASE ---
2025-11-12 17:18:14,654 - spore.simulation - WARNING  - Pray ran into infinity
2025-11-12 17:18:14,654 - root         - INFO     - =================================================

2025-11-12 17:18:14,655 - root         - INFO     - 
========== SIMULATION 65/100 ==========
2025-11-12 17:18:14,655 - spore.simulation - INFO     - --- EVOLUTION PHASE ---
2025-11-12 17:18:14,655 - spore.simulation - INFO     - Evolved Predator:
2025-11-12 17:18:14,656 - spore.creature - INFO     -   Health: 115, Stamina: 131
2025-11-12 17:18:14,656 - spore.creature - INFO     -   Power: 9, Parts: [Legs(count=3), Claws(size=MEDIUM), Teeth(sharpness=MEDIUM)]
2025-11-12 17:18:14,656 - spore.simulation - INFO     - Evolved Prey at 469:
2025-11-12 17:18:14,657 - spore.creature - INFO     -   Health: 118, Stamina: 81
2025-11-12 17:18:14,657 - spore.creature - INFO     -   Power: 13, Parts: [Legs(count=4), Wings(count=2), Teeth(sharpness=HIGH)]
2025-11-12 17:18:14,657 - spore.simulation - INFO     - --- CHASE PHASE ---
2025-11-12 17:18:14,658 - spore.simulation - WARNING  - Pray ran into infinity
2025-11-12 17:18:14,658 - root         - INFO     - =================================================

2025-11-12 17:18:14,659 - root         - INFO     - 
========== SIMULATION 66/100 ==========
2025-11-12 17:18:14,659 - spore.simulation - INFO     - --- EVOLUTION PHASE ---
2025-11-12 17:18:14,659 - spore.simulation - INFO     - Evolved Predator:
2025-11-12 17:18:14,660 - spore.creature - INFO     -   Health: 95, Stamina: 71
2025-11-12 17:18:14,660 - spore.creature - INFO     -   Power: 10, Parts: [Teeth(sharpness=HIGH)]
2025-11-12 17:18:14,660 - spore.simulation - INFO     - Evolved Prey at 145:
2025-11-12 17:18:14,661 - spore.creature - INFO     -   Health: 89, Stamina: 49
2025-11-12 17:18:14,661 - spore.creature - INFO     -   Power: 14, Parts: [Legs(count=3), Wings(count=2), Claws(size=MEDIUM)]
2025-11-12 17:18:14,661 - spore.simulation - INFO     - --- CHASE PHASE ---
2025-11-12 17:18:14,662 - spore.simulation - WARNING  - Pray ran into infinity
2025-11-12 17:18:14,663 - root         - INFO     - =================================================

2025-11-12 17:18:14,663 - root         - INFO     - 
========== SIMULATION 67/100 ==========
2025-11-12 17:18:14,663 - spore.simulation - INFO     - --- EVOLUTION PHASE ---
2025-11-12 17:18:14,664 - spore.simulation - INFO     - Evolved Predator:
2025-11-12 17:18:14,664 - spore.creature - INFO     -   Health: 111, Stamina: 96
2025-11-12 17:18:14,664 - spore.creature - INFO     -   Power: 15, Parts: [Legs(count=1), Wings(count=4), Claws(size=SMALL), Teeth(sharpness=MEDIUM)]
2025-11-12 17:18:14,665 - spore.simulation - INFO     - Evolved Prey at 589:
2025-11-12 17:18:14,666 - spore.creature - INFO     -   Health: 113, Stamina: 85
2025-11-12 17:18:14,666 - spore.creature - INFO     -   Power: 7, Parts: [Legs(count=4), Claws(size=SMALL)]
2025-11-12 17:18:14,666 - spore.simulation - INFO     - --- CHASE PHASE ---
2025-11-12 17:18:14,667 - spore.simulation - WARNING  - Pray ran into infinity
2025-11-12 17:18:14,667 - root         - INFO     - =================================================

2025-11-12 17:18:14,667 - root         - INFO     - 
========== SIMULATION 68/100 ==========
2025-11-12 17:18:14,668 - spore.simulation - INFO     - --- EVOLUTION PHASE ---
2025-11-12 17:18:14,668 - spore.simulation - INFO     - Evolved Predator:
2025-11-12 17:18:14,668 - spore.creature - INFO     -   Health: 102, Stamina: 88
2025-11-12 17:18:14,668 - spore.creature - INFO     -   Power: 10, Parts: [Legs(count=4), Claws(size=BIG)]
2025-11-12 17:18:14,669 - spore.simulation - INFO     - Evolved Prey at 437:
2025-11-12 17:18:14,669 - spore.creature - INFO     -   Health: 106, Stamina: 79
2025-11-12 17:18:14,669 - spore.creature - INFO     -   Power: 5, Parts: [Legs(count=2), Claws(size=SMALL)]
2025-11-12 17:18:14,669 - spore.simulation - INFO     - --- CHASE PHASE ---
2025-11-12 17:18:14,670 - spore.simulation - WARNING  - Pray ran into infinity
2025-11-12 17:18:14,670 - root         - INFO     - =================================================

2025-11-12 17:18:14,670 - root         - INFO     - 
========== SIMULATION 69/100 ==========
2025-11-12 17:18:14,671 - spore.simulation - INFO     - --- EVOLUTION PHASE ---
2025-11-12 17:18:14,671 - spore.simulation - INFO     - Evolved Predator:
2025-11-12 17:18:14,671 - spore.creature - INFO     -   Health: 84, Stamina: 145
2025-11-12 17:18:14,672 - spore.creature - INFO     -   Power: 15, Parts: [Wings(count=2), Claws(size=SMALL), Teeth(sharpness=MEDIUM)]
2025-11-12 17:18:14,672 - spore.simulation - INFO     - Evolved Prey at 208:
2025-11-12 17:18:14,672 - spore.creature - INFO     -   Health: 80, Stamina: 39
2025-11-12 17:18:14,673 - spore.creature - INFO     -   Power: 9, Parts: [Legs(count=1)]
2025-11-12 17:18:14,673 - spore.simulation - INFO     - --- CHASE PHASE ---
2025-11-12 17:18:14,673 - spore.simulation - INFO     - CATCH! Predator at 272
2025-11-12 17:18:14,674 - spore.simulation - INFO     - --- FIGHT PHASE ---
2025-11-12 17:18:14,674 - spore.simulation - WARNING  - Some R-rated things have happened :D
2025-11-12 17:18:14,674 - root         - INFO     - =================================================

2025-11-12 17:18:14,675 - root         - INFO     - 
========== SIMULATION 70/100 ==========
2025-11-12 17:18:14,675 - spore.simulation - INFO     - --- EVOLUTION PHASE ---
2025-11-12 17:18:14,676 - spore.simulation - INFO     - Evolved Predator:
2025-11-12 17:18:14,676 - spore.creature - INFO     -   Health: 116, Stamina: 75
2025-11-12 17:18:14,676 - spore.creature - INFO     -   Power: 12, Parts: [Teeth(sharpness=LOW)]
2025-11-12 17:18:14,676 - spore.simulation - INFO     - Evolved Prey at 306:
2025-11-12 17:18:14,677 - spore.creature - INFO     -   Health: 91, Stamina: 72
2025-11-12 17:18:14,677 - spore.creature - INFO     -   Power: 9, Parts: [Legs(count=1), Wings(count=2)]
2025-11-12 17:18:14,677 - spore.simulation - INFO     - --- CHASE PHASE ---
2025-11-12 17:18:14,678 - spore.simulation - WARNING  - Pray ran into infinity
2025-11-12 17:18:14,678 - root         - INFO     - =================================================

2025-11-12 17:18:14,678 - root         - INFO     - 
========== SIMULATION 71/100 ==========
2025-11-12 17:18:14,679 - spore.simulation - INFO     - --- EVOLUTION PHASE ---
2025-11-12 17:18:14,679 - spore.simulation - INFO     - Evolved Predator:
2025-11-12 17:18:14,679 - spore.creature - INFO     -   Health: 87, Stamina: 144
2025-11-12 17:18:14,679 - spore.creature - INFO     -   Power: 5, Parts: [Legs(count=4), Claws(size=BIG), Teeth(sharpness=MEDIUM)]
2025-11-12 17:18:14,680 - spore.simulation - INFO     - Evolved Prey at 474:
2025-11-12 17:18:14,680 - spore.creature - INFO     -   Health: 113, Stamina: 56
2025-11-12 17:18:14,680 - spore.creature - INFO     -   Power: 13, Parts: [Wings(count=2), Teeth(sharpness=HIGH)]
2025-11-12 17:18:14,680 - spore.simulation - INFO     - --- CHASE PHASE ---
2025-11-12 17:18:14,681 - spore.simulation - WARNING  - Pray ran into infinity
2025-11-12 17:18:14,681 - root         - INFO     - =================================================

2025-11-12 17:18:14,681 - root         - INFO     - 
========== SIMULATION 72/100 ==========
2025-11-12 17:18:14,682 - spore.simulation - INFO     - --- EVOLUTION PHASE ---
2025-11-12 17:18:14,682 - spore.simulation - INFO     - Evolved Predator:
2025-11-12 17:18:14,683 - spore.creature - INFO     -   Health: 90, Stamina: 138
2025-11-12 17:18:14,683 - spore.creature - INFO     -   Power: 6, Parts: [Legs(count=1), Claws(size=MEDIUM), Teeth(sharpness=MEDIUM)]
2025-11-12 17:18:14,683 - spore.simulation - INFO     - Evolved Prey at 150:
2025-11-12 17:18:14,684 - spore.creature - INFO     -   Health: 89, Stamina: 38
2025-11-12 17:18:14,684 - spore.creature - INFO     -   Power: 9, Parts: [Legs(count=1), Wings(count=2), Claws(size=MEDIUM)]
2025-11-12 17:18:14,684 - spore.simulation - INFO     - --- CHASE PHASE ---
2025-11-12 17:18:14,686 - spore.simulation - INFO     - CATCH! Predator at 207
2025-11-12 17:18:14,686 - spore.simulation - INFO     - --- FIGHT PHASE ---
2025-11-12 17:18:14,686 - spore.simulation - WARNING  - Some R-rated things have happened :D
2025-11-12 17:18:14,687 - root         - INFO     - =================================================

2025-11-12 17:18:14,687 - root         - INFO     - 
========== SIMULATION 73/100 ==========
2025-11-12 17:18:14,687 - spore.simulation - INFO     - --- EVOLUTION PHASE ---
2025-11-12 17:18:14,688 - spore.simulation - INFO     - Evolved Predator:
2025-11-12 17:18:14,688 - spore.creature - INFO     -   Health: 100, Stamina: 91
2025-11-12 17:18:14,688 - spore.creature - INFO     -   Power: 15, Parts: [Legs(count=1), Claws(size=SMALL)]
2025-11-12 17:18:14,689 - spore.simulation - INFO     - Evolved Prey at 555:
2025-11-12 17:18:14,689 - spore.creature - INFO     -   Health: 116, Stamina: 62
2025-11-12 17:18:14,689 - spore.creature - INFO     -   Power: 13, Parts: [Legs(count=3)]
2025-11-12 17:18:14,690 - spore.simulation - INFO     - --- CHASE PHASE ---
2025-11-12 17:18:14,690 - spore.simulation - WARNING  - Pray ran into infinity
2025-11-12 17:18:14,691 - root         - INFO     - =================================================

2025-11-12 17:18:14,691 - root         - INFO     - 
========== SIMULATION 74/100 ==========
2025-11-12 17:18:14,691 - spore.simulation - INFO     - --- EVOLUTION PHASE ---
2025-11-12 17:18:14,692 - spore.simulation - INFO     - Evolved Predator:
2025-11-12 17:18:14,692 - spore.creature - INFO     -   Health: 112, Stamina: 118
2025-11-12 17:18:14,692 - spore.creature - INFO     -   Power: 11, Parts: [Legs(count=1), Wings(count=2), Teeth(sharpness=LOW)]
2025-11-12 17:18:14,693 - spore.simulation - INFO     - Evolved Prey at 243:
2025-11-12 17:18:14,693 - spore.creature - INFO     -   Health: 83, Stamina: 40
2025-11-12 17:18:14,693 - spore.creature - INFO     -   Power: 7, Parts: [Legs(count=2)]
2025-11-12 17:18:14,694 - spore.simulation - INFO     - --- CHASE PHASE ---
2025-11-12 17:18:14,694 - spore.simulation - WARNING  - Pray ran into infinity
2025-11-12 17:18:14,695 - root         - INFO     - =================================================

2025-11-12 17:18:14,695 - root         - INFO     - 
========== SIMULATION 75/100 ==========
2025-11-12 17:18:14,695 - spore.simulation - INFO     - --- EVOLUTION PHASE ---
2025-11-12 17:18:14,695 - spore.simulation - INFO     - Evolved Predator:
2025-11-12 17:18:14,696 - spore.creature - INFO     -   Health: 116, Stamina: 96
2025-11-12 17:18:14,696 - spore.creature - INFO     -   Power: 8, Parts: [Claws(size=MEDIUM), Teeth(sharpness=HIGH)]
2025-11-12 17:18:14,696 - spore.simulation - INFO     - Evolved Prey at 448:
2025-11-12 17:18:14,697 - spore.creature - INFO     -   Health: 116, Stamina: 79
2025-11-12 17:18:14,697 - spore.creature - INFO     -   Power: 8, Parts: [Legs(count=4)]
2025-11-12 17:18:14,697 - spore.simulation - INFO     - --- CHASE PHASE ---
2025-11-12 17:18:14,698 - spore.simulation - WARNING  - Pray ran into infinity
2025-11-12 17:18:14,698 - root         - INFO     - =================================================

2025-11-12 17:18:14,699 - root         - INFO     - 
========== SIMULATION 76/100 ==========
2025-11-12 17:18:14,699 - spore.simulation - INFO     - --- EVOLUTION PHASE ---
2025-11-12 17:18:14,699 - spore.simulation - INFO     - Evolved Predator:
2025-11-12 17:18:14,700 - spore.creature - INFO     -   Health: 81, Stamina: 87
2025-11-12 17:18:14,700 - spore.creature - INFO     -   Power: 6, Parts: [Wings(count=2), Claws(size=SMALL)]
2025-11-12 17:18:14,701 - spore.simulation - INFO     - Evolved Prey at 206:
2025-11-12 17:18:14,701 - spore.creature - INFO     -   Health: 102, Stamina: 83
2025-11-12 17:18:14,701 - spore.creature - INFO     -   Power: 9, Parts: [Legs(count=4)]
2025-11-12 17:18:14,702 - spore.simulation - INFO     - --- CHASE PHASE ---
2025-11-12 17:18:14,702 - spore.simulation - WARNING  - Pray ran into infinity
2025-11-12 17:18:14,702 - root         - INFO     - =================================================

2025-11-12 17:18:14,703 - root         - INFO     - 
========== SIMULATION 77/100 ==========
2025-11-12 17:18:14,703 - spore.simulation - INFO     - --- EVOLUTION PHASE ---
2025-11-12 17:18:14,704 - spore.simulation - INFO     - Evolved Predator:
2025-11-12 17:18:14,704 - spore.creature - INFO     -   Health: 115, Stamina: 113
2025-11-12 17:18:14,704 - spore.creature - INFO     -   Power: 13, Parts: [Legs(count=3), Claws(size=SMALL), Teeth(sharpness=LOW)]
2025-11-12 17:18:14,705 - spore.simulation - INFO     - Evolved Prey at 322:
2025-11-12 17:18:14,705 - spore.creature - INFO     -   Health: 105, Stamina: 57
2025-11-12 17:18:14,705 - spore.creature - INFO     -   Power: 11, Parts: [Legs(count=1), Wings(count=4), Claws(size=SMALL)]
2025-11-12 17:18:14,706 - spore.simulation - INFO     - --- CHASE PHASE ---
2025-11-12 17:18:14,707 - spore.simulation - WARNING  - Pray ran into infinity
2025-11-12 17:18:14,707 - root         - INFO     - =================================================

2025-11-12 17:18:14,707 - root         - INFO     - 
========== SIMULATION 78/100 ==========
2025-11-12 17:18:14,708 - spore.simulation - INFO     - --- EVOLUTION PHASE ---
2025-11-12 17:18:14,708 - spore.simulation - INFO     - Evolved Predator:
2025-11-12 17:18:14,709 - spore.creature - INFO     -   Health: 111, Stamina: 89
2025-11-12 17:18:14,709 - spore.creature - INFO     -   Power: 5, Parts: [Claws(size=BIG), Teeth(sharpness=MEDIUM)]
2025-11-12 17:18:14,709 - spore.simulation - INFO     - Evolved Prey at 551:
2025-11-12 17:18:14,710 - spore.creature - INFO     -   Health: 85, Stamina: 64
2025-11-12 17:18:14,710 - spore.creature - INFO     -   Power: 10, Parts: [Legs(count=3), Wings(count=2), Claws(size=BIG), Teeth(sharpness=LOW)]
2025-11-12 17:18:14,710 - spore.simulation - INFO     - --- CHASE PHASE ---
2025-11-12 17:18:14,711 - spore.simulation - WARNING  - Pray ran into infinity
2025-11-12 17:18:14,711 - root         - INFO     - =================================================

2025-11-12 17:18:14,711 - root         - INFO     - 
========== SIMULATION 79/100 ==========
2025-11-12 17:18:14,712 - spore.simulation - INFO     - --- EVOLUTION PHASE ---
2025-11-12 17:18:14,712 - spore.simulation - INFO     - Evolved Predator:
2025-11-12 17:18:14,712 - spore.creature - INFO     -   Health: 93, Stamina: 114
2025-11-12 17:18:14,713 - spore.creature - INFO     -   Power: 14, Parts: [Legs(count=4), Wings(count=2), Claws(size=BIG), Teeth(sharpness=HIGH)]
2025-11-12 17:18:14,713 - spore.simulation - INFO     - Evolved Prey at 180:
2025-11-12 17:18:14,714 - spore.creature - INFO     -   Health: 83, Stamina: 70
2025-11-12 17:18:14,714 - spore.creature - INFO     -   Power: 6, Parts: [Legs(count=4), Claws(size=MEDIUM)]
2025-11-12 17:18:14,714 - spore.simulation - INFO     - --- CHASE PHASE ---
2025-11-12 17:18:14,715 - spore.simulation - WARNING  - Pray ran into infinity
2025-11-12 17:18:14,715 - root         - INFO     - =================================================

2025-11-12 17:18:14,716 - root         - INFO     - 
========== SIMULATION 80/100 ==========
2025-11-12 17:18:14,716 - spore.simulation - INFO     - --- EVOLUTION PHASE ---
2025-11-12 17:18:14,717 - spore.simulation - INFO     - Evolved Predator:
2025-11-12 17:18:14,717 - spore.creature - INFO     -   Health: 83, Stamina: 80
2025-11-12 17:18:14,717 - spore.creature - INFO     -   Power: 15, Parts: [Claws(size=MEDIUM), Teeth(sharpness=MEDIUM)]
2025-11-12 17:18:14,718 - spore.simulation - INFO     - Evolved Prey at 497:
2025-11-12 17:18:14,718 - spore.creature - INFO     -   Health: 119, Stamina: 59
2025-11-12 17:18:14,718 - spore.creature - INFO     -   Power: 7, Parts: [Legs(count=4)]
2025-11-12 17:18:14,719 - spore.simulation - INFO     - --- CHASE PHASE ---
2025-11-12 17:18:14,720 - spore.simulation - WARNING  - Pray ran into infinity
2025-11-12 17:18:14,720 - root         - INFO     - =================================================

2025-11-12 17:18:14,720 - root         - INFO     - 
========== SIMULATION 81/100 ==========
2025-11-12 17:18:14,721 - spore.simulation - INFO     - --- EVOLUTION PHASE ---
2025-11-12 17:18:14,721 - spore.simulation - INFO     - Evolved Predator:
2025-11-12 17:18:14,721 - spore.creature - INFO     -   Health: 113, Stamina: 96
2025-11-12 17:18:14,721 - spore.creature - INFO     -   Power: 7, Parts: [Legs(count=1), Wings(count=2), Claws(size=SMALL)]
2025-11-12 17:18:14,722 - spore.simulation - INFO     - Evolved Prey at 443:
2025-11-12 17:18:14,722 - spore.creature - INFO     -   Health: 106, Stamina: 30
2025-11-12 17:18:14,722 - spore.creature - INFO     -   Power: 7, Parts: [Legs(count=2), Claws(size=BIG)]
2025-11-12 17:18:14,723 - spore.simulation - INFO     - --- CHASE PHASE ---
2025-11-12 17:18:14,723 - spore.simulation - WARNING  - Pray ran into infinity
2025-11-12 17:18:14,724 - root         - INFO     - =================================================

2025-11-12 17:18:14,724 - root         - INFO     - 
========== SIMULATION 82/100 ==========
2025-11-12 17:18:14,724 - spore.simulation - INFO     - --- EVOLUTION PHASE ---
2025-11-12 17:18:14,725 - spore.simulation - INFO     - Evolved Predator:
2025-11-12 17:18:14,725 - spore.creature - INFO     -   Health: 82, Stamina: 99
2025-11-12 17:18:14,725 - spore.creature - INFO     -   Power: 14, Parts: [Legs(count=4), Wings(count=2), Claws(size=BIG), Teeth(sharpness=LOW)]
2025-11-12 17:18:14,725 - spore.simulation - INFO     - Evolved Prey at 542:
2025-11-12 17:18:14,726 - spore.creature - INFO     -   Health: 107, Stamina: 52
2025-11-12 17:18:14,726 - spore.creature - INFO     -   Power: 11, Parts: [Wings(count=2)]
2025-11-12 17:18:14,726 - spore.simulation - INFO     - --- CHASE PHASE ---
2025-11-12 17:18:14,727 - spore.simulation - WARNING  - Pray ran into infinity
2025-11-12 17:18:14,727 - root         - INFO     - =================================================

2025-11-12 17:18:14,727 - root         - INFO     - 
========== SIMULATION 83/100 ==========
2025-11-12 17:18:14,728 - spore.simulation - INFO     - --- EVOLUTION PHASE ---
2025-11-12 17:18:14,728 - spore.simulation - INFO     - Evolved Predator:
2025-11-12 17:18:14,728 - spore.creature - INFO     -   Health: 86, Stamina: 78
2025-11-12 17:18:14,728 - spore.creature - INFO     -   Power: 8, Parts: [Wings(count=4), Claws(size=MEDIUM)]
2025-11-12 17:18:14,729 - spore.simulation - INFO     - Evolved Prey at 599:
2025-11-12 17:18:14,729 - spore.creature - INFO     -   Health: 113, Stamina: 44
2025-11-12 17:18:14,729 - spore.creature - INFO     -   Power: 13, Parts: [Claws(size=SMALL)]
2025-11-12 17:18:14,729 - spore.simulation - INFO     - --- CHASE PHASE ---
2025-11-12 17:18:14,730 - spore.simulation - WARNING  - Pray ran into infinity
2025-11-12 17:18:14,731 - root         - INFO     - =================================================

2025-11-12 17:18:14,731 - root         - INFO     - 
========== SIMULATION 84/100 ==========
2025-11-12 17:18:14,731 - spore.simulation - INFO     - --- EVOLUTION PHASE ---
2025-11-12 17:18:14,732 - spore.simulation - INFO     - Evolved Predator:
2025-11-12 17:18:14,732 - spore.creature - INFO     -   Health: 104, Stamina: 124
2025-11-12 17:18:14,732 - spore.creature - INFO     -   Power: 8, Parts: [Legs(count=3), Wings(count=2), Claws(size=BIG)]
2025-11-12 17:18:14,732 - spore.simulation - INFO     - Evolved Prey at 396:
2025-11-12 17:18:14,733 - spore.creature - INFO     -   Health: 96, Stamina: 75
2025-11-12 17:18:14,733 - spore.creature - INFO     -   Power: 14, Parts: [Legs(count=4), Claws(size=MEDIUM)]
2025-11-12 17:18:14,733 - spore.simulation - INFO     - --- CHASE PHASE ---
2025-11-12 17:18:14,734 - spore.simulation - WARNING  - Pray ran into infinity
2025-11-12 17:18:14,734 - root         - INFO     - =================================================

2025-11-12 17:18:14,734 - root         - INFO     - 
========== SIMULATION 85/100 ==========
2025-11-12 17:18:14,735 - spore.simulation - INFO     - --- EVOLUTION PHASE ---
2025-11-12 17:18:14,735 - spore.simulation - INFO     - Evolved Predator:
2025-11-12 17:18:14,735 - spore.creature - INFO     -   Health: 100, Stamina: 107
2025-11-12 17:18:14,736 - spore.creature - INFO     -   Power: 13, Parts: [Legs(count=3), Wings(count=4), Claws(size=SMALL), Teeth(sharpness=HIGH)]
2025-11-12 17:18:14,736 - spore.simulation - INFO     - Evolved Prey at 445:
2025-11-12 17:18:14,736 - spore.creature - INFO     -   Health: 115, Stamina: 80
2025-11-12 17:18:14,737 - spore.creature - INFO     -   Power: 9, Parts: [Legs(count=1), Teeth(sharpness=HIGH)]
2025-11-12 17:18:14,737 - spore.simulation - INFO     - --- CHASE PHASE ---
2025-11-12 17:18:14,737 - spore.simulation - WARNING  - Pray ran into infinity
2025-11-12 17:18:14,738 - root         - INFO     - =================================================

2025-11-12 17:18:14,738 - root         - INFO     - 
========== SIMULATION 86/100 ==========
2025-11-12 17:18:14,739 - spore.simulation - INFO     - --- EVOLUTION PHASE ---
2025-11-12 17:18:14,739 - spore.simulation - INFO     - Evolved Predator:
2025-11-12 17:18:14,739 - spore.creature - INFO     -   Health: 120, Stamina: 78
2025-11-12 17:18:14,739 - spore.creature - INFO     -   Power: 13, Parts: [Wings(count=2), Claws(size=BIG), Teeth(sharpness=LOW)]
2025-11-12 17:18:14,740 - spore.simulation - INFO     - Evolved Prey at 111:
2025-11-12 17:18:14,740 - spore.creature - INFO     -   Health: 97, Stamina: 87
2025-11-12 17:18:14,740 - spore.creature - INFO     -   Power: 10, Parts: [Legs(count=1), Wings(count=2), Claws(size=MEDIUM)]
2025-11-12 17:18:14,741 - spore.simulation - INFO     - --- CHASE PHASE ---
2025-11-12 17:18:14,742 - spore.simulation - WARNING  - Pray ran into infinity
2025-11-12 17:18:14,742 - root         - INFO     - =================================================

2025-11-12 17:18:14,742 - root         - INFO     - 
========== SIMULATION 87/100 ==========
2025-11-12 17:18:14,743 - spore.simulation - INFO     - --- EVOLUTION PHASE ---
2025-11-12 17:18:14,743 - spore.simulation - INFO     - Evolved Predator:
2025-11-12 17:18:14,743 - spore.creature - INFO     -   Health: 102, Stamina: 83
2025-11-12 17:18:14,744 - spore.creature - INFO     -   Power: 13, Parts: [Wings(count=4), Claws(size=BIG)]
2025-11-12 17:18:14,744 - spore.simulation - INFO     - Evolved Prey at 392:
2025-11-12 17:18:14,744 - spore.creature - INFO     -   Health: 103, Stamina: 38
2025-11-12 17:18:14,744 - spore.creature - INFO     -   Power: 6, Parts: [Legs(count=2), Claws(size=BIG)]
2025-11-12 17:18:14,745 - spore.simulation - INFO     - --- CHASE PHASE ---
2025-11-12 17:18:14,745 - spore.simulation - WARNING  - Pray ran into infinity
2025-11-12 17:18:14,745 - root         - INFO     - =================================================

2025-11-12 17:18:14,746 - root         - INFO     - 
========== SIMULATION 88/100 ==========
2025-11-12 17:18:14,746 - spore.simulation - INFO     - --- EVOLUTION PHASE ---
2025-11-12 17:18:14,746 - spore.simulation - INFO     - Evolved Predator:
2025-11-12 17:18:14,747 - spore.creature - INFO     -   Health: 117, Stamina: 120
2025-11-12 17:18:14,747 - spore.creature - INFO     -   Power: 8, Parts: [Wings(count=4), Claws(size=MEDIUM), Teeth(sharpness=HIGH)]
2025-11-12 17:18:14,747 - spore.simulation - INFO     - Evolved Prey at 485:
2025-11-12 17:18:14,747 - spore.creature - INFO     -   Health: 90, Stamina: 41
2025-11-12 17:18:14,748 - spore.creature - INFO     -   Power: 14, Parts: [Legs(count=1), Wings(count=2), Teeth(sharpness=MEDIUM)]
2025-11-12 17:18:14,748 - spore.simulation - INFO     - --- CHASE PHASE ---
2025-11-12 17:18:14,748 - spore.simulation - WARNING  - Pray ran into infinity
2025-11-12 17:18:14,749 - root         - INFO     - =================================================

2025-11-12 17:18:14,749 - root         - INFO     - 
========== SIMULATION 89/100 ==========
2025-11-12 17:18:14,749 - spore.simulation - INFO     - --- EVOLUTION PHASE ---
2025-11-12 17:18:14,750 - spore.simulation - INFO     - Evolved Predator:
2025-11-12 17:18:14,750 - spore.creature - INFO     -   Health: 99, Stamina: 134
2025-11-12 17:18:14,750 - spore.creature - INFO     -   Power: 11, Parts: [Claws(size=SMALL), Teeth(sharpness=LOW)]
2025-11-12 17:18:14,751 - spore.simulation - INFO     - Evolved Prey at 480:
2025-11-12 17:18:14,751 - spore.creature - INFO     -   Health: 89, Stamina: 31
2025-11-12 17:18:14,751 - spore.creature - INFO     -   Power: 7, Parts: []
2025-11-12 17:18:14,751 - spore.simulation - INFO     - --- CHASE PHASE ---
2025-11-12 17:18:14,753 - spore.simulation - WARNING  - Pray ran into infinity
2025-11-12 17:18:14,753 - root         - INFO     - =================================================

2025-11-12 17:18:14,754 - root         - INFO     - 
========== SIMULATION 90/100 ==========
2025-11-12 17:18:14,754 - spore.simulation - INFO     - --- EVOLUTION PHASE ---
2025-11-12 17:18:14,754 - spore.simulation - INFO     - Evolved Predator:
2025-11-12 17:18:14,755 - spore.creature - INFO     -   Health: 111, Stamina: 113
2025-11-12 17:18:14,755 - spore.creature - INFO     -   Power: 14, Parts: [Wings(count=4), Claws(size=SMALL)]
2025-11-12 17:18:14,755 - spore.simulation - INFO     - Evolved Prey at 452:
2025-11-12 17:18:14,756 - spore.creature - INFO     -   Health: 86, Stamina: 89
2025-11-12 17:18:14,756 - spore.creature - INFO     -   Power: 7, Parts: [Legs(count=1), Wings(count=4)]
2025-11-12 17:18:14,756 - spore.simulation - INFO     - --- CHASE PHASE ---
2025-11-12 17:18:14,757 - spore.simulation - WARNING  - Pray ran into infinity
2025-11-12 17:18:14,757 - root         - INFO     - =================================================

2025-11-12 17:18:14,757 - root         - INFO     - 
========== SIMULATION 91/100 ==========
2025-11-12 17:18:14,758 - spore.simulation - INFO     - --- EVOLUTION PHASE ---
2025-11-12 17:18:14,758 - spore.simulation - INFO     - Evolved Predator:
2025-11-12 17:18:14,758 - spore.creature - INFO     -   Health: 96, Stamina: 81
2025-11-12 17:18:14,758 - spore.creature - INFO     -   Power: 13, Parts: [Legs(count=3), Wings(count=2), Claws(size=BIG), Teeth(sharpness=LOW)]
2025-11-12 17:18:14,759 - spore.simulation - INFO     - Evolved Prey at 451:
2025-11-12 17:18:14,759 - spore.creature - INFO     -   Health: 89, Stamina: 44
2025-11-12 17:18:14,759 - spore.creature - INFO     -   Power: 15, Parts: [Legs(count=3), Claws(size=SMALL), Teeth(sharpness=HIGH)]
2025-11-12 17:18:14,760 - spore.simulation - INFO     - --- CHASE PHASE ---
2025-11-12 17:18:14,761 - spore.simulation - WARNING  - Pray ran into infinity
2025-11-12 17:18:14,761 - root         - INFO     - =================================================

2025-11-12 17:18:14,761 - root         - INFO     - 
========== SIMULATION 92/100 ==========
2025-11-12 17:18:14,762 - spore.simulation - INFO     - --- EVOLUTION PHASE ---
2025-11-12 17:18:14,762 - spore.simulation - INFO     - Evolved Predator:
2025-11-12 17:18:14,762 - spore.creature - INFO     -   Health: 98, Stamina: 82
2025-11-12 17:18:14,763 - spore.creature - INFO     -   Power: 15, Parts: [Legs(count=2), Wings(count=4), Teeth(sharpness=LOW)]
2025-11-12 17:18:14,763 - spore.simulation - INFO     - Evolved Prey at 593:
2025-11-12 17:18:14,763 - spore.creature - INFO     -   Health: 109, Stamina: 45
2025-11-12 17:18:14,764 - spore.creature - INFO     -   Power: 7, Parts: [Legs(count=2), Wings(count=2)]
2025-11-12 17:18:14,764 - spore.simulation - INFO     - --- CHASE PHASE ---
2025-11-12 17:18:14,764 - spore.simulation - WARNING  - Pray ran into infinity
2025-11-12 17:18:14,765 - root         - INFO     - =================================================

2025-11-12 17:18:14,765 - root         - INFO     - 
========== SIMULATION 93/100 ==========
2025-11-12 17:18:14,766 - spore.simulation - INFO     - --- EVOLUTION PHASE ---
2025-11-12 17:18:14,766 - spore.simulation - INFO     - Evolved Predator:
2025-11-12 17:18:14,766 - spore.creature - INFO     -   Health: 107, Stamina: 115
2025-11-12 17:18:14,766 - spore.creature - INFO     -   Power: 5, Parts: [Legs(count=4), Claws(size=SMALL)]
2025-11-12 17:18:14,767 - spore.simulation - INFO     - Evolved Prey at 190:
2025-11-12 17:18:14,767 - spore.creature - INFO     -   Health: 87, Stamina: 40
2025-11-12 17:18:14,767 - spore.creature - INFO     -   Power: 12, Parts: [Legs(count=3), Wings(count=2), Teeth(sharpness=LOW)]
2025-11-12 17:18:14,768 - spore.simulation - INFO     - --- CHASE PHASE ---
2025-11-12 17:18:14,768 - spore.simulation - WARNING  - Pray ran into infinity
2025-11-12 17:18:14,768 - root         - INFO     - =================================================

2025-11-12 17:18:14,769 - root         - INFO     - 
========== SIMULATION 94/100 ==========
2025-11-12 17:18:14,769 - spore.simulation - INFO     - --- EVOLUTION PHASE ---
2025-11-12 17:18:14,769 - spore.simulation - INFO     - Evolved Predator:
2025-11-12 17:18:14,770 - spore.creature - INFO     -   Health: 112, Stamina: 143
2025-11-12 17:18:14,770 - spore.creature - INFO     -   Power: 6, Parts: []
2025-11-12 17:18:14,770 - spore.simulation - INFO     - Evolved Prey at 482:
2025-11-12 17:18:14,770 - spore.creature - INFO     -   Health: 101, Stamina: 85
2025-11-12 17:18:14,771 - spore.creature - INFO     -   Power: 13, Parts: [Legs(count=2)]
2025-11-12 17:18:14,771 - spore.simulation - INFO     - --- CHASE PHASE ---
2025-11-12 17:18:14,772 - spore.simulation - WARNING  - Pray ran into infinity
2025-11-12 17:18:14,772 - root         - INFO     - =================================================

2025-11-12 17:18:14,773 - root         - INFO     - 
========== SIMULATION 95/100 ==========
2025-11-12 17:18:14,773 - spore.simulation - INFO     - --- EVOLUTION PHASE ---
2025-11-12 17:18:14,773 - spore.simulation - INFO     - Evolved Predator:
2025-11-12 17:18:14,774 - spore.creature - INFO     -   Health: 117, Stamina: 82
2025-11-12 17:18:14,774 - spore.creature - INFO     -   Power: 13, Parts: [Wings(count=4), Claws(size=MEDIUM), Teeth(sharpness=LOW)]
2025-11-12 17:18:14,774 - spore.simulation - INFO     - Evolved Prey at 428:
2025-11-12 17:18:14,775 - spore.creature - INFO     -   Health: 112, Stamina: 66
2025-11-12 17:18:14,775 - spore.creature - INFO     -   Power: 11, Parts: [Legs(count=4)]
2025-11-12 17:18:14,775 - spore.simulation - INFO     - --- CHASE PHASE ---
2025-11-12 17:18:14,776 - spore.simulation - WARNING  - Pray ran into infinity
2025-11-12 17:18:14,776 - root         - INFO     - =================================================

2025-11-12 17:18:14,777 - root         - INFO     - 
========== SIMULATION 96/100 ==========
2025-11-12 17:18:14,777 - spore.simulation - INFO     - --- EVOLUTION PHASE ---
2025-11-12 17:18:14,777 - spore.simulation - INFO     - Evolved Predator:
2025-11-12 17:18:14,778 - spore.creature - INFO     -   Health: 98, Stamina: 77
2025-11-12 17:18:14,778 - spore.creature - INFO     -   Power: 5, Parts: [Legs(count=4), Claws(size=BIG)]
2025-11-12 17:18:14,778 - spore.simulation - INFO     - Evolved Prey at 336:
2025-11-12 17:18:14,779 - spore.creature - INFO     -   Health: 119, Stamina: 77
2025-11-12 17:18:14,779 - spore.creature - INFO     -   Power: 7, Parts: [Legs(count=4)]
2025-11-12 17:18:14,779 - spore.simulation - INFO     - --- CHASE PHASE ---
2025-11-12 17:18:14,780 - spore.simulation - WARNING  - Pray ran into infinity
2025-11-12 17:18:14,780 - root         - INFO     - =================================================

2025-11-12 17:18:14,781 - root         - INFO     - 
========== SIMULATION 97/100 ==========
2025-11-12 17:18:14,781 - spore.simulation - INFO     - --- EVOLUTION PHASE ---
2025-11-12 17:18:14,781 - spore.simulation - INFO     - Evolved Predator:
2025-11-12 17:18:14,782 - spore.creature - INFO     -   Health: 103, Stamina: 97
2025-11-12 17:18:14,782 - spore.creature - INFO     -   Power: 11, Parts: [Claws(size=BIG), Teeth(sharpness=MEDIUM)]
2025-11-12 17:18:14,782 - spore.simulation - INFO     - Evolved Prey at 405:
2025-11-12 17:18:14,783 - spore.creature - INFO     -   Health: 110, Stamina: 37
2025-11-12 17:18:14,783 - spore.creature - INFO     -   Power: 11, Parts: [Wings(count=4), Claws(size=MEDIUM), Teeth(sharpness=MEDIUM)]
2025-11-12 17:18:14,783 - spore.simulation - INFO     - --- CHASE PHASE ---
2025-11-12 17:18:14,784 - spore.simulation - WARNING  - Pray ran into infinity
2025-11-12 17:18:14,785 - root         - INFO     - =================================================

2025-11-12 17:18:14,785 - root         - INFO     - 
========== SIMULATION 98/100 ==========
2025-11-12 17:18:14,786 - spore.simulation - INFO     - --- EVOLUTION PHASE ---
2025-11-12 17:18:14,786 - spore.simulation - INFO     - Evolved Predator:
2025-11-12 17:18:14,786 - spore.creature - INFO     -   Health: 82, Stamina: 81
2025-11-12 17:18:14,786 - spore.creature - INFO     -   Power: 12, Parts: [Legs(count=1), Claws(size=MEDIUM)]
2025-11-12 17:18:14,787 - spore.simulation - INFO     - Evolved Prey at 201:
2025-11-12 17:18:14,787 - spore.creature - INFO     -   Health: 89, Stamina: 66
2025-11-12 17:18:14,787 - spore.creature - INFO     -   Power: 8, Parts: [Legs(count=3), Teeth(sharpness=MEDIUM)]
2025-11-12 17:18:14,788 - spore.simulation - INFO     - --- CHASE PHASE ---
2025-11-12 17:18:14,788 - spore.simulation - WARNING  - Pray ran into infinity
2025-11-12 17:18:14,789 - root         - INFO     - =================================================

2025-11-12 17:18:14,789 - root         - INFO     - 
========== SIMULATION 99/100 ==========
2025-11-12 17:18:14,789 - spore.simulation - INFO     - --- EVOLUTION PHASE ---
2025-11-12 17:18:14,790 - spore.simulation - INFO     - Evolved Predator:
2025-11-12 17:18:14,790 - spore.creature - INFO     -   Health: 100, Stamina: 105
2025-11-12 17:18:14,790 - spore.creature - INFO     -   Power: 5, Parts: [Claws(size=MEDIUM)]
2025-11-12 17:18:14,791 - spore.simulation - INFO     - Evolved Prey at 592:
2025-11-12 17:18:14,791 - spore.creature - INFO     -   Health: 108, Stamina: 64
2025-11-12 17:18:14,791 - spore.creature - INFO     -   Power: 8, Parts: [Legs(count=4), Wings(count=2), Claws(size=SMALL)]
2025-11-12 17:18:14,792 - spore.simulation - INFO     - --- CHASE PHASE ---
2025-11-12 17:18:14,793 - spore.simulation - WARNING  - Pray ran into infinity
2025-11-12 17:18:14,793 - root         - INFO     - =================================================

2025-11-12 17:18:14,793 - root         - INFO     - 
========== SIMULATION 100/100 ==========
2025-11-12 17:18:14,794 - spore.simulation - INFO     - --- EVOLUTION PHASE ---
2025-11-12 17:18:14,794 - spore.simulation - INFO     - Evolved Predator:
2025-11-12 17:18:14,795 - spore.creature - INFO     -   Health: 98, Stamina: 93
2025-11-12 17:18:14,795 - spore.creature - INFO     -   Power: 12, Parts: [Legs(count=3), Claws(size=MEDIUM), Teeth(sharpness=HIGH)]
2025-11-12 17:18:14,795 - spore.simulation - INFO     - Evolved Prey at 178:
2025-11-12 17:18:14,796 - spore.creature - INFO     -   Health: 89, Stamina: 59
2025-11-12 17:18:14,796 - spore.creature - INFO     -   Power: 11, Parts: [Wings(count=4), Claws(size=SMALL)]
2025-11-12 17:18:14,796 - spore.simulation - INFO     - --- CHASE PHASE ---
2025-11-12 17:18:14,797 - spore.simulation - WARNING  - Pray ran into infinity
2025-11-12 17:18:14,797 - root         - INFO     - =================================================

2025-11-12 17:18:14,798 - root         - INFO     - All simulations complete.
